<!doctype html public "-//w3c//dtd html 4.0 transitional//en">
<html><head>
<title>Static Call Graph - [.\Out\APM32F030\IAP_BootLoader.axf]</title></head>
<body><HR>
<H1>Static Call Graph for image .\Out\APM32F030\IAP_BootLoader.axf</H1><HR>
<BR><P>#&#060CALLGRAPH&#062# ARM Linker, 5060960: Last Updated: Fri Aug 26 15:59:12 2022
<BR><P>
<H3>Maximum Stack Usage =        132 bytes + Unknown(Cycles, Untraceable Function Pointers)</H3><H3>
Call chain for Maximum Stack Depth:</H3>
main &rArr; USART_Init &rArr; USART_Config &rArr; RCM_ReadUSART2CLKFreq &rArr; RCM_ReadPCLKFreq &rArr; RCM_ReadSYSCLKFreq &rArr; __aeabi_uidivmod
<P>
<H3>
Mutually Recursive functions
</H3> <LI><a href="#[10]">ADC1_IRQHandler</a>&nbsp;&nbsp;&nbsp;&rArr;&nbsp;&nbsp;&nbsp;<a href="#[10]">ADC1_IRQHandler</a><BR>
</UL>
<P>
<H3>
Function Pointers
</H3><UL>
 <LI><a href="#[10]">ADC1_IRQHandler</a> from startup_apm32f030.o(.text) referenced from startup_apm32f030.o(RESET)
 <LI><a href="#[d]">DMA1_CH1_IRQHandler</a> from startup_apm32f030.o(.text) referenced from startup_apm32f030.o(RESET)
 <LI><a href="#[e]">DMA1_CH2_3_IRQHandler</a> from startup_apm32f030.o(.text) referenced from startup_apm32f030.o(RESET)
 <LI><a href="#[f]">DMA1_CH4_5_IRQHandler</a> from startup_apm32f030.o(.text) referenced from startup_apm32f030.o(RESET)
 <LI><a href="#[a]">EINT0_1_IRQHandler</a> from apm32f0xx_int.o(i.EINT0_1_IRQHandler) referenced from startup_apm32f030.o(RESET)
 <LI><a href="#[b]">EINT2_3_IRQHandler</a> from startup_apm32f030.o(.text) referenced from startup_apm32f030.o(RESET)
 <LI><a href="#[c]">EINT4_15_IRQHandler</a> from startup_apm32f030.o(.text) referenced from startup_apm32f030.o(RESET)
 <LI><a href="#[8]">FLASH_IRQHandler</a> from startup_apm32f030.o(.text) referenced from startup_apm32f030.o(RESET)
 <LI><a href="#[2]">HardFault_Handler</a> from apm32f0xx_int.o(i.HardFault_Handler) referenced from startup_apm32f030.o(RESET)
 <LI><a href="#[1a]">I2C1_IRQHandler</a> from startup_apm32f030.o(.text) referenced from startup_apm32f030.o(RESET)
 <LI><a href="#[1b]">I2C2_IRQHandler</a> from startup_apm32f030.o(.text) referenced from startup_apm32f030.o(RESET)
 <LI><a href="#[1]">NMI_Handler</a> from apm32f0xx_int.o(i.NMI_Handler) referenced from startup_apm32f030.o(RESET)
 <LI><a href="#[4]">PendSV_Handler</a> from apm32f0xx_int.o(i.PendSV_Handler) referenced from startup_apm32f030.o(RESET)
 <LI><a href="#[9]">RCM_IRQHandler</a> from startup_apm32f030.o(.text) referenced from startup_apm32f030.o(RESET)
 <LI><a href="#[7]">RTC_IRQHandler</a> from startup_apm32f030.o(.text) referenced from startup_apm32f030.o(RESET)
 <LI><a href="#[0]">Reset_Handler</a> from startup_apm32f030.o(.text) referenced from startup_apm32f030.o(RESET)
 <LI><a href="#[1c]">SPI1_IRQHandler</a> from startup_apm32f030.o(.text) referenced from startup_apm32f030.o(RESET)
 <LI><a href="#[1d]">SPI2_IRQHandler</a> from startup_apm32f030.o(.text) referenced from startup_apm32f030.o(RESET)
 <LI><a href="#[3]">SVC_Handler</a> from apm32f0xx_int.o(i.SVC_Handler) referenced from startup_apm32f030.o(RESET)
 <LI><a href="#[5]">SysTick_Handler</a> from apm32f0xx_int.o(i.SysTick_Handler) referenced from startup_apm32f030.o(RESET)
 <LI><a href="#[22]">SystemInit</a> from system_apm32f0xx.o(i.SystemInit) referenced from startup_apm32f030.o(.text)
 <LI><a href="#[16]">TMR14_IRQHandler</a> from startup_apm32f030.o(.text) referenced from startup_apm32f030.o(RESET)
 <LI><a href="#[17]">TMR15_IRQHandler</a> from startup_apm32f030.o(.text) referenced from startup_apm32f030.o(RESET)
 <LI><a href="#[18]">TMR16_IRQHandler</a> from startup_apm32f030.o(.text) referenced from startup_apm32f030.o(RESET)
 <LI><a href="#[19]">TMR17_IRQHandler</a> from startup_apm32f030.o(.text) referenced from startup_apm32f030.o(RESET)
 <LI><a href="#[11]">TMR1_BRK_UP_TRG_COM_IRQHandler</a> from startup_apm32f030.o(.text) referenced from startup_apm32f030.o(RESET)
 <LI><a href="#[12]">TMR1_CC_IRQHandler</a> from startup_apm32f030.o(.text) referenced from startup_apm32f030.o(RESET)
 <LI><a href="#[13]">TMR3_IRQHandler</a> from startup_apm32f030.o(.text) referenced from startup_apm32f030.o(RESET)
 <LI><a href="#[14]">TMR6_IRQHandler</a> from startup_apm32f030.o(.text) referenced from startup_apm32f030.o(RESET)
 <LI><a href="#[15]">TMR7_IRQHandler</a> from startup_apm32f030.o(.text) referenced from startup_apm32f030.o(RESET)
 <LI><a href="#[1e]">USART1_IRQHandler</a> from startup_apm32f030.o(.text) referenced from startup_apm32f030.o(RESET)
 <LI><a href="#[1f]">USART2_IRQHandler</a> from startup_apm32f030.o(.text) referenced from startup_apm32f030.o(RESET)
 <LI><a href="#[20]">USART3_6_IRQHandler</a> from startup_apm32f030.o(.text) referenced from startup_apm32f030.o(RESET)
 <LI><a href="#[6]">WWDT_IRQHandler</a> from startup_apm32f030.o(.text) referenced from startup_apm32f030.o(RESET)
 <LI><a href="#[23]">__main</a> from entry.o(.ARM.Collect$$$$00000000) referenced from startup_apm32f030.o(.text)
 <LI><a href="#[21]">main</a> from main.o(i.main) referenced from entry9a.o(.ARM.Collect$$$$0000000B)
</UL>
<P>
<H3>
Global Symbols
</H3>
<P><STRONG><a name="[23]"></a>__main</STRONG> (Thumb, 0 bytes, Stack size unknown bytes, entry.o(.ARM.Collect$$$$00000000))
<BR>[Address Reference Count : 1]<UL><LI> startup_apm32f030.o(.text)
</UL>
<P><STRONG><a name="[42]"></a>_main_stk</STRONG> (Thumb, 0 bytes, Stack size unknown bytes, entry2.o(.ARM.Collect$$$$00000001))

<P><STRONG><a name="[24]"></a>_main_scatterload</STRONG> (Thumb, 0 bytes, Stack size unknown bytes, entry5.o(.ARM.Collect$$$$00000004))
<BR><BR>[Calls]<UL><LI><a href="#[25]">&gt;&gt;</a>&nbsp;&nbsp;&nbsp;__scatterload
</UL>

<P><STRONG><a name="[28]"></a>__main_after_scatterload</STRONG> (Thumb, 0 bytes, Stack size unknown bytes, entry5.o(.ARM.Collect$$$$00000004))
<BR><BR>[Called By]<UL><LI><a href="#[25]">&gt;&gt;</a>&nbsp;&nbsp;&nbsp;__scatterload
</UL>

<P><STRONG><a name="[43]"></a>_main_clock</STRONG> (Thumb, 0 bytes, Stack size unknown bytes, entry7b.o(.ARM.Collect$$$$00000008))

<P><STRONG><a name="[44]"></a>_main_cpp_init</STRONG> (Thumb, 0 bytes, Stack size unknown bytes, entry8b.o(.ARM.Collect$$$$0000000A))

<P><STRONG><a name="[45]"></a>_main_init</STRONG> (Thumb, 0 bytes, Stack size unknown bytes, entry9a.o(.ARM.Collect$$$$0000000B))

<P><STRONG><a name="[26]"></a>__rt_lib_shutdown_fini</STRONG> (Thumb, 0 bytes, Stack size unknown bytes, entry12b.o(.ARM.Collect$$$$0000000E))
<BR><BR>[Calls]<UL><LI><a href="#[27]">&gt;&gt;</a>&nbsp;&nbsp;&nbsp;__arm_fini_ (Weak Reference)
</UL>

<P><STRONG><a name="[46]"></a>__rt_final_cpp</STRONG> (Thumb, 0 bytes, Stack size unknown bytes, entry10a.o(.ARM.Collect$$$$0000000F))

<P><STRONG><a name="[47]"></a>__rt_final_exit</STRONG> (Thumb, 0 bytes, Stack size unknown bytes, entry11a.o(.ARM.Collect$$$$00000011))

<P><STRONG><a name="[0]"></a>Reset_Handler</STRONG> (Thumb, 8 bytes, Stack size 0 bytes, startup_apm32f030.o(.text))
<BR>[Address Reference Count : 1]<UL><LI> startup_apm32f030.o(RESET)
</UL>
<P><STRONG><a name="[10]"></a>ADC1_IRQHandler</STRONG> (Thumb, 0 bytes, Stack size 0 bytes, startup_apm32f030.o(.text))
<BR><BR>[Calls]<UL><LI><a href="#[10]">&gt;&gt;</a>&nbsp;&nbsp;&nbsp;ADC1_IRQHandler
</UL>
<BR>[Called By]<UL><LI><a href="#[10]">&gt;&gt;</a>&nbsp;&nbsp;&nbsp;ADC1_IRQHandler
</UL>
<BR>[Address Reference Count : 1]<UL><LI> startup_apm32f030.o(RESET)
</UL>
<P><STRONG><a name="[d]"></a>DMA1_CH1_IRQHandler</STRONG> (Thumb, 0 bytes, Stack size 0 bytes, startup_apm32f030.o(.text))
<BR>[Address Reference Count : 1]<UL><LI> startup_apm32f030.o(RESET)
</UL>
<P><STRONG><a name="[e]"></a>DMA1_CH2_3_IRQHandler</STRONG> (Thumb, 0 bytes, Stack size 0 bytes, startup_apm32f030.o(.text))
<BR>[Address Reference Count : 1]<UL><LI> startup_apm32f030.o(RESET)
</UL>
<P><STRONG><a name="[f]"></a>DMA1_CH4_5_IRQHandler</STRONG> (Thumb, 0 bytes, Stack size 0 bytes, startup_apm32f030.o(.text))
<BR>[Address Reference Count : 1]<UL><LI> startup_apm32f030.o(RESET)
</UL>
<P><STRONG><a name="[b]"></a>EINT2_3_IRQHandler</STRONG> (Thumb, 0 bytes, Stack size 0 bytes, startup_apm32f030.o(.text))
<BR>[Address Reference Count : 1]<UL><LI> startup_apm32f030.o(RESET)
</UL>
<P><STRONG><a name="[c]"></a>EINT4_15_IRQHandler</STRONG> (Thumb, 0 bytes, Stack size 0 bytes, startup_apm32f030.o(.text))
<BR>[Address Reference Count : 1]<UL><LI> startup_apm32f030.o(RESET)
</UL>
<P><STRONG><a name="[8]"></a>FLASH_IRQHandler</STRONG> (Thumb, 0 bytes, Stack size 0 bytes, startup_apm32f030.o(.text))
<BR>[Address Reference Count : 1]<UL><LI> startup_apm32f030.o(RESET)
</UL>
<P><STRONG><a name="[1a]"></a>I2C1_IRQHandler</STRONG> (Thumb, 0 bytes, Stack size 0 bytes, startup_apm32f030.o(.text))
<BR>[Address Reference Count : 1]<UL><LI> startup_apm32f030.o(RESET)
</UL>
<P><STRONG><a name="[1b]"></a>I2C2_IRQHandler</STRONG> (Thumb, 0 bytes, Stack size 0 bytes, startup_apm32f030.o(.text))
<BR>[Address Reference Count : 1]<UL><LI> startup_apm32f030.o(RESET)
</UL>
<P><STRONG><a name="[9]"></a>RCM_IRQHandler</STRONG> (Thumb, 0 bytes, Stack size 0 bytes, startup_apm32f030.o(.text))
<BR>[Address Reference Count : 1]<UL><LI> startup_apm32f030.o(RESET)
</UL>
<P><STRONG><a name="[7]"></a>RTC_IRQHandler</STRONG> (Thumb, 0 bytes, Stack size 0 bytes, startup_apm32f030.o(.text))
<BR>[Address Reference Count : 1]<UL><LI> startup_apm32f030.o(RESET)
</UL>
<P><STRONG><a name="[1c]"></a>SPI1_IRQHandler</STRONG> (Thumb, 0 bytes, Stack size 0 bytes, startup_apm32f030.o(.text))
<BR>[Address Reference Count : 1]<UL><LI> startup_apm32f030.o(RESET)
</UL>
<P><STRONG><a name="[1d]"></a>SPI2_IRQHandler</STRONG> (Thumb, 0 bytes, Stack size 0 bytes, startup_apm32f030.o(.text))
<BR>[Address Reference Count : 1]<UL><LI> startup_apm32f030.o(RESET)
</UL>
<P><STRONG><a name="[16]"></a>TMR14_IRQHandler</STRONG> (Thumb, 0 bytes, Stack size 0 bytes, startup_apm32f030.o(.text))
<BR>[Address Reference Count : 1]<UL><LI> startup_apm32f030.o(RESET)
</UL>
<P><STRONG><a name="[17]"></a>TMR15_IRQHandler</STRONG> (Thumb, 0 bytes, Stack size 0 bytes, startup_apm32f030.o(.text))
<BR>[Address Reference Count : 1]<UL><LI> startup_apm32f030.o(RESET)
</UL>
<P><STRONG><a name="[18]"></a>TMR16_IRQHandler</STRONG> (Thumb, 0 bytes, Stack size 0 bytes, startup_apm32f030.o(.text))
<BR>[Address Reference Count : 1]<UL><LI> startup_apm32f030.o(RESET)
</UL>
<P><STRONG><a name="[19]"></a>TMR17_IRQHandler</STRONG> (Thumb, 0 bytes, Stack size 0 bytes, startup_apm32f030.o(.text))
<BR>[Address Reference Count : 1]<UL><LI> startup_apm32f030.o(RESET)
</UL>
<P><STRONG><a name="[11]"></a>TMR1_BRK_UP_TRG_COM_IRQHandler</STRONG> (Thumb, 0 bytes, Stack size 0 bytes, startup_apm32f030.o(.text))
<BR>[Address Reference Count : 1]<UL><LI> startup_apm32f030.o(RESET)
</UL>
<P><STRONG><a name="[12]"></a>TMR1_CC_IRQHandler</STRONG> (Thumb, 0 bytes, Stack size 0 bytes, startup_apm32f030.o(.text))
<BR>[Address Reference Count : 1]<UL><LI> startup_apm32f030.o(RESET)
</UL>
<P><STRONG><a name="[13]"></a>TMR3_IRQHandler</STRONG> (Thumb, 0 bytes, Stack size 0 bytes, startup_apm32f030.o(.text))
<BR>[Address Reference Count : 1]<UL><LI> startup_apm32f030.o(RESET)
</UL>
<P><STRONG><a name="[14]"></a>TMR6_IRQHandler</STRONG> (Thumb, 0 bytes, Stack size 0 bytes, startup_apm32f030.o(.text))
<BR>[Address Reference Count : 1]<UL><LI> startup_apm32f030.o(RESET)
</UL>
<P><STRONG><a name="[15]"></a>TMR7_IRQHandler</STRONG> (Thumb, 0 bytes, Stack size 0 bytes, startup_apm32f030.o(.text))
<BR>[Address Reference Count : 1]<UL><LI> startup_apm32f030.o(RESET)
</UL>
<P><STRONG><a name="[1e]"></a>USART1_IRQHandler</STRONG> (Thumb, 0 bytes, Stack size 0 bytes, startup_apm32f030.o(.text))
<BR>[Address Reference Count : 1]<UL><LI> startup_apm32f030.o(RESET)
</UL>
<P><STRONG><a name="[1f]"></a>USART2_IRQHandler</STRONG> (Thumb, 0 bytes, Stack size 0 bytes, startup_apm32f030.o(.text))
<BR>[Address Reference Count : 1]<UL><LI> startup_apm32f030.o(RESET)
</UL>
<P><STRONG><a name="[20]"></a>USART3_6_IRQHandler</STRONG> (Thumb, 0 bytes, Stack size 0 bytes, startup_apm32f030.o(.text))
<BR>[Address Reference Count : 1]<UL><LI> startup_apm32f030.o(RESET)
</UL>
<P><STRONG><a name="[6]"></a>WWDT_IRQHandler</STRONG> (Thumb, 0 bytes, Stack size 0 bytes, startup_apm32f030.o(.text))
<BR>[Address Reference Count : 1]<UL><LI> startup_apm32f030.o(RESET)
</UL>
<P><STRONG><a name="[48]"></a>__aeabi_uidiv</STRONG> (Thumb, 0 bytes, Stack size 12 bytes, uidiv.o(.text), UNUSED)

<P><STRONG><a name="[33]"></a>__aeabi_uidivmod</STRONG> (Thumb, 44 bytes, Stack size 12 bytes, uidiv.o(.text))
<BR><BR>[Stack]<UL><LI>Max Depth = 12<LI>Call Chain = __aeabi_uidivmod
</UL>
<BR>[Called By]<UL><LI><a href="#[32]">&gt;&gt;</a>&nbsp;&nbsp;&nbsp;RCM_ReadSYSCLKFreq
<LI><a href="#[3c]">&gt;&gt;</a>&nbsp;&nbsp;&nbsp;USART_Config
</UL>

<P><STRONG><a name="[25]"></a>__scatterload</STRONG> (Thumb, 28 bytes, Stack size 0 bytes, init.o(.text))
<BR><BR>[Calls]<UL><LI><a href="#[28]">&gt;&gt;</a>&nbsp;&nbsp;&nbsp;__main_after_scatterload
</UL>
<BR>[Called By]<UL><LI><a href="#[24]">&gt;&gt;</a>&nbsp;&nbsp;&nbsp;_main_scatterload
</UL>

<P><STRONG><a name="[49]"></a>__scatterload_rt2</STRONG> (Thumb, 0 bytes, Stack size 0 bytes, init.o(.text), UNUSED)

<P><STRONG><a name="[29]"></a>APM_MINI_LEDInit</STRONG> (Thumb, 68 bytes, Stack size 16 bytes, board.o(i.APM_MINI_LEDInit))
<BR><BR>[Stack]<UL><LI>Max Depth = 32<LI>Call Chain = APM_MINI_LEDInit &rArr; GPIO_Config
</UL>
<BR>[Calls]<UL><LI><a href="#[2b]">&gt;&gt;</a>&nbsp;&nbsp;&nbsp;GPIO_Config
<LI><a href="#[2a]">&gt;&gt;</a>&nbsp;&nbsp;&nbsp;RCM_EnableAHBPeriphClock
</UL>
<BR>[Called By]<UL><LI><a href="#[2f]">&gt;&gt;</a>&nbsp;&nbsp;&nbsp;Led_Init
</UL>

<P><STRONG><a name="[30]"></a>APM_MINI_LEDOn</STRONG> (Thumb, 16 bytes, Stack size 0 bytes, board.o(i.APM_MINI_LEDOn))
<BR><BR>[Called By]<UL><LI><a href="#[2f]">&gt;&gt;</a>&nbsp;&nbsp;&nbsp;Led_Init
</UL>

<P><STRONG><a name="[a]"></a>EINT0_1_IRQHandler</STRONG> (Thumb, 2 bytes, Stack size 0 bytes, apm32f0xx_int.o(i.EINT0_1_IRQHandler))
<BR>[Address Reference Count : 1]<UL><LI> startup_apm32f030.o(RESET)
</UL>
<P><STRONG><a name="[2c]"></a>FLASH_IAP_Init</STRONG> (Thumb, 14 bytes, Stack size 8 bytes, bsp_flash.o(i.FLASH_IAP_Init))
<BR><BR>[Stack]<UL><LI>Max Depth = 8<LI>Call Chain = FLASH_IAP_Init
</UL>
<BR>[Calls]<UL><LI><a href="#[2d]">&gt;&gt;</a>&nbsp;&nbsp;&nbsp;FMC_Unlock
<LI><a href="#[2e]">&gt;&gt;</a>&nbsp;&nbsp;&nbsp;FMC_ClearStatusFlag
</UL>
<BR>[Called By]<UL><LI><a href="#[21]">&gt;&gt;</a>&nbsp;&nbsp;&nbsp;main
</UL>

<P><STRONG><a name="[2e]"></a>FMC_ClearStatusFlag</STRONG> (Thumb, 12 bytes, Stack size 0 bytes, apm32f0xx_fmc.o(i.FMC_ClearStatusFlag))
<BR><BR>[Called By]<UL><LI><a href="#[2c]">&gt;&gt;</a>&nbsp;&nbsp;&nbsp;FLASH_IAP_Init
</UL>

<P><STRONG><a name="[2d]"></a>FMC_Unlock</STRONG> (Thumb, 12 bytes, Stack size 0 bytes, apm32f0xx_fmc.o(i.FMC_Unlock))
<BR><BR>[Called By]<UL><LI><a href="#[2c]">&gt;&gt;</a>&nbsp;&nbsp;&nbsp;FLASH_IAP_Init
</UL>

<P><STRONG><a name="[2b]"></a>GPIO_Config</STRONG> (Thumb, 138 bytes, Stack size 16 bytes, apm32f0xx_gpio.o(i.GPIO_Config))
<BR><BR>[Stack]<UL><LI>Max Depth = 16<LI>Call Chain = GPIO_Config
</UL>
<BR>[Called By]<UL><LI><a href="#[3d]">&gt;&gt;</a>&nbsp;&nbsp;&nbsp;USART_Init
<LI><a href="#[29]">&gt;&gt;</a>&nbsp;&nbsp;&nbsp;APM_MINI_LEDInit
</UL>

<P><STRONG><a name="[3f]"></a>GPIO_ConfigPinAF</STRONG> (Thumb, 70 bytes, Stack size 20 bytes, apm32f0xx_gpio.o(i.GPIO_ConfigPinAF))
<BR><BR>[Stack]<UL><LI>Max Depth = 20<LI>Call Chain = GPIO_ConfigPinAF
</UL>
<BR>[Called By]<UL><LI><a href="#[3d]">&gt;&gt;</a>&nbsp;&nbsp;&nbsp;USART_Init
</UL>

<P><STRONG><a name="[2]"></a>HardFault_Handler</STRONG> (Thumb, 2 bytes, Stack size 0 bytes, apm32f0xx_int.o(i.HardFault_Handler))
<BR>[Address Reference Count : 1]<UL><LI> startup_apm32f030.o(RESET)
</UL>
<P><STRONG><a name="[41]"></a>Jump_to_App</STRONG> (Thumb, 52 bytes, Stack size 16 bytes, main.o(i.Jump_to_App))
<BR><BR>[Stack]<UL><LI>Max Depth = 16<LI>Call Chain = Jump_to_App
</UL>
<BR>[Called By]<UL><LI><a href="#[21]">&gt;&gt;</a>&nbsp;&nbsp;&nbsp;main
</UL>

<P><STRONG><a name="[2f]"></a>Led_Init</STRONG> (Thumb, 28 bytes, Stack size 8 bytes, main.o(i.Led_Init))
<BR><BR>[Stack]<UL><LI>Max Depth = 40<LI>Call Chain = Led_Init &rArr; APM_MINI_LEDInit &rArr; GPIO_Config
</UL>
<BR>[Calls]<UL><LI><a href="#[30]">&gt;&gt;</a>&nbsp;&nbsp;&nbsp;APM_MINI_LEDOn
<LI><a href="#[29]">&gt;&gt;</a>&nbsp;&nbsp;&nbsp;APM_MINI_LEDInit
</UL>
<BR>[Called By]<UL><LI><a href="#[21]">&gt;&gt;</a>&nbsp;&nbsp;&nbsp;main
</UL>

<P><STRONG><a name="[1]"></a>NMI_Handler</STRONG> (Thumb, 2 bytes, Stack size 0 bytes, apm32f0xx_int.o(i.NMI_Handler))
<BR>[Address Reference Count : 1]<UL><LI> startup_apm32f030.o(RESET)
</UL>
<P><STRONG><a name="[4]"></a>PendSV_Handler</STRONG> (Thumb, 2 bytes, Stack size 0 bytes, apm32f0xx_int.o(i.PendSV_Handler))
<BR>[Address Reference Count : 1]<UL><LI> startup_apm32f030.o(RESET)
</UL>
<P><STRONG><a name="[2a]"></a>RCM_EnableAHBPeriphClock</STRONG> (Thumb, 12 bytes, Stack size 0 bytes, apm32f0xx_rcm.o(i.RCM_EnableAHBPeriphClock))
<BR><BR>[Called By]<UL><LI><a href="#[3d]">&gt;&gt;</a>&nbsp;&nbsp;&nbsp;USART_Init
<LI><a href="#[29]">&gt;&gt;</a>&nbsp;&nbsp;&nbsp;APM_MINI_LEDInit
</UL>

<P><STRONG><a name="[3e]"></a>RCM_EnableAPB2PeriphClock</STRONG> (Thumb, 12 bytes, Stack size 0 bytes, apm32f0xx_rcm.o(i.RCM_EnableAPB2PeriphClock))
<BR><BR>[Called By]<UL><LI><a href="#[3d]">&gt;&gt;</a>&nbsp;&nbsp;&nbsp;USART_Init
</UL>

<P><STRONG><a name="[31]"></a>RCM_ReadPCLKFreq</STRONG> (Thumb, 38 bytes, Stack size 24 bytes, apm32f0xx_rcm.o(i.RCM_ReadPCLKFreq))
<BR><BR>[Stack]<UL><LI>Max Depth = 60<LI>Call Chain = RCM_ReadPCLKFreq &rArr; RCM_ReadSYSCLKFreq &rArr; __aeabi_uidivmod
</UL>
<BR>[Calls]<UL><LI><a href="#[32]">&gt;&gt;</a>&nbsp;&nbsp;&nbsp;RCM_ReadSYSCLKFreq
</UL>
<BR>[Called By]<UL><LI><a href="#[35]">&gt;&gt;</a>&nbsp;&nbsp;&nbsp;RCM_ReadUSART2CLKFreq
<LI><a href="#[34]">&gt;&gt;</a>&nbsp;&nbsp;&nbsp;RCM_ReadUSART1CLKFreq
<LI><a href="#[3c]">&gt;&gt;</a>&nbsp;&nbsp;&nbsp;USART_Config
</UL>

<P><STRONG><a name="[32]"></a>RCM_ReadSYSCLKFreq</STRONG> (Thumb, 146 bytes, Stack size 24 bytes, apm32f0xx_rcm.o(i.RCM_ReadSYSCLKFreq))
<BR><BR>[Stack]<UL><LI>Max Depth = 36<LI>Call Chain = RCM_ReadSYSCLKFreq &rArr; __aeabi_uidivmod
</UL>
<BR>[Calls]<UL><LI><a href="#[33]">&gt;&gt;</a>&nbsp;&nbsp;&nbsp;__aeabi_uidivmod
</UL>
<BR>[Called By]<UL><LI><a href="#[35]">&gt;&gt;</a>&nbsp;&nbsp;&nbsp;RCM_ReadUSART2CLKFreq
<LI><a href="#[34]">&gt;&gt;</a>&nbsp;&nbsp;&nbsp;RCM_ReadUSART1CLKFreq
<LI><a href="#[31]">&gt;&gt;</a>&nbsp;&nbsp;&nbsp;RCM_ReadPCLKFreq
</UL>

<P><STRONG><a name="[34]"></a>RCM_ReadUSART1CLKFreq</STRONG> (Thumb, 70 bytes, Stack size 8 bytes, apm32f0xx_rcm.o(i.RCM_ReadUSART1CLKFreq))
<BR><BR>[Stack]<UL><LI>Max Depth = 68<LI>Call Chain = RCM_ReadUSART1CLKFreq &rArr; RCM_ReadPCLKFreq &rArr; RCM_ReadSYSCLKFreq &rArr; __aeabi_uidivmod
</UL>
<BR>[Calls]<UL><LI><a href="#[32]">&gt;&gt;</a>&nbsp;&nbsp;&nbsp;RCM_ReadSYSCLKFreq
<LI><a href="#[31]">&gt;&gt;</a>&nbsp;&nbsp;&nbsp;RCM_ReadPCLKFreq
</UL>
<BR>[Called By]<UL><LI><a href="#[3c]">&gt;&gt;</a>&nbsp;&nbsp;&nbsp;USART_Config
</UL>

<P><STRONG><a name="[35]"></a>RCM_ReadUSART2CLKFreq</STRONG> (Thumb, 70 bytes, Stack size 8 bytes, apm32f0xx_rcm.o(i.RCM_ReadUSART2CLKFreq))
<BR><BR>[Stack]<UL><LI>Max Depth = 68<LI>Call Chain = RCM_ReadUSART2CLKFreq &rArr; RCM_ReadPCLKFreq &rArr; RCM_ReadSYSCLKFreq &rArr; __aeabi_uidivmod
</UL>
<BR>[Calls]<UL><LI><a href="#[32]">&gt;&gt;</a>&nbsp;&nbsp;&nbsp;RCM_ReadSYSCLKFreq
<LI><a href="#[31]">&gt;&gt;</a>&nbsp;&nbsp;&nbsp;RCM_ReadPCLKFreq
</UL>
<BR>[Called By]<UL><LI><a href="#[3c]">&gt;&gt;</a>&nbsp;&nbsp;&nbsp;USART_Config
</UL>

<P><STRONG><a name="[3]"></a>SVC_Handler</STRONG> (Thumb, 2 bytes, Stack size 0 bytes, apm32f0xx_int.o(i.SVC_Handler))
<BR>[Address Reference Count : 1]<UL><LI> startup_apm32f030.o(RESET)
</UL>
<P><STRONG><a name="[36]"></a>Send_Char</STRONG> (Thumb, 28 bytes, Stack size 8 bytes, common.o(i.Send_Char))
<BR><BR>[Stack]<UL><LI>Max Depth = 8<LI>Call Chain = Send_Char
</UL>
<BR>[Calls]<UL><LI><a href="#[37]">&gt;&gt;</a>&nbsp;&nbsp;&nbsp;USART_TxData
<LI><a href="#[38]">&gt;&gt;</a>&nbsp;&nbsp;&nbsp;USART_ReadStatusFlag
</UL>
<BR>[Called By]<UL><LI><a href="#[39]">&gt;&gt;</a>&nbsp;&nbsp;&nbsp;Serial_SendString
</UL>

<P><STRONG><a name="[39]"></a>Serial_SendString</STRONG> (Thumb, 22 bytes, Stack size 8 bytes, common.o(i.Serial_SendString))
<BR><BR>[Stack]<UL><LI>Max Depth = 16<LI>Call Chain = Serial_SendString &rArr; Send_Char
</UL>
<BR>[Calls]<UL><LI><a href="#[36]">&gt;&gt;</a>&nbsp;&nbsp;&nbsp;Send_Char
</UL>
<BR>[Called By]<UL><LI><a href="#[21]">&gt;&gt;</a>&nbsp;&nbsp;&nbsp;main
</UL>

<P><STRONG><a name="[5]"></a>SysTick_Handler</STRONG> (Thumb, 2 bytes, Stack size 0 bytes, apm32f0xx_int.o(i.SysTick_Handler))
<BR>[Address Reference Count : 1]<UL><LI> startup_apm32f030.o(RESET)
</UL>
<P><STRONG><a name="[22]"></a>SystemInit</STRONG> (Thumb, 120 bytes, Stack size 8 bytes, system_apm32f0xx.o(i.SystemInit))
<BR><BR>[Stack]<UL><LI>Max Depth = 16<LI>Call Chain = SystemInit &rArr; SystemClockConfig
</UL>
<BR>[Calls]<UL><LI><a href="#[3a]">&gt;&gt;</a>&nbsp;&nbsp;&nbsp;SystemClockConfig
</UL>
<BR>[Address Reference Count : 1]<UL><LI> startup_apm32f030.o(.text)
</UL>
<P><STRONG><a name="[3c]"></a>USART_Config</STRONG> (Thumb, 154 bytes, Stack size 32 bytes, apm32f0xx_usart.o(i.USART_Config))
<BR><BR>[Stack]<UL><LI>Max Depth = 100<LI>Call Chain = USART_Config &rArr; RCM_ReadUSART2CLKFreq &rArr; RCM_ReadPCLKFreq &rArr; RCM_ReadSYSCLKFreq &rArr; __aeabi_uidivmod
</UL>
<BR>[Calls]<UL><LI><a href="#[35]">&gt;&gt;</a>&nbsp;&nbsp;&nbsp;RCM_ReadUSART2CLKFreq
<LI><a href="#[34]">&gt;&gt;</a>&nbsp;&nbsp;&nbsp;RCM_ReadUSART1CLKFreq
<LI><a href="#[31]">&gt;&gt;</a>&nbsp;&nbsp;&nbsp;RCM_ReadPCLKFreq
<LI><a href="#[33]">&gt;&gt;</a>&nbsp;&nbsp;&nbsp;__aeabi_uidivmod
</UL>
<BR>[Called By]<UL><LI><a href="#[3d]">&gt;&gt;</a>&nbsp;&nbsp;&nbsp;USART_Init
</UL>

<P><STRONG><a name="[40]"></a>USART_Enable</STRONG> (Thumb, 12 bytes, Stack size 0 bytes, apm32f0xx_usart.o(i.USART_Enable))
<BR><BR>[Called By]<UL><LI><a href="#[3d]">&gt;&gt;</a>&nbsp;&nbsp;&nbsp;USART_Init
</UL>

<P><STRONG><a name="[3d]"></a>USART_Init</STRONG> (Thumb, 140 bytes, Stack size 32 bytes, bsp_usart.o(i.USART_Init))
<BR><BR>[Stack]<UL><LI>Max Depth = 132<LI>Call Chain = USART_Init &rArr; USART_Config &rArr; RCM_ReadUSART2CLKFreq &rArr; RCM_ReadPCLKFreq &rArr; RCM_ReadSYSCLKFreq &rArr; __aeabi_uidivmod
</UL>
<BR>[Calls]<UL><LI><a href="#[3f]">&gt;&gt;</a>&nbsp;&nbsp;&nbsp;GPIO_ConfigPinAF
<LI><a href="#[2b]">&gt;&gt;</a>&nbsp;&nbsp;&nbsp;GPIO_Config
<LI><a href="#[3e]">&gt;&gt;</a>&nbsp;&nbsp;&nbsp;RCM_EnableAPB2PeriphClock
<LI><a href="#[2a]">&gt;&gt;</a>&nbsp;&nbsp;&nbsp;RCM_EnableAHBPeriphClock
<LI><a href="#[40]">&gt;&gt;</a>&nbsp;&nbsp;&nbsp;USART_Enable
<LI><a href="#[3c]">&gt;&gt;</a>&nbsp;&nbsp;&nbsp;USART_Config
</UL>
<BR>[Called By]<UL><LI><a href="#[21]">&gt;&gt;</a>&nbsp;&nbsp;&nbsp;main
</UL>

<P><STRONG><a name="[38]"></a>USART_ReadStatusFlag</STRONG> (Thumb, 18 bytes, Stack size 0 bytes, apm32f0xx_usart.o(i.USART_ReadStatusFlag))
<BR><BR>[Called By]<UL><LI><a href="#[36]">&gt;&gt;</a>&nbsp;&nbsp;&nbsp;Send_Char
</UL>

<P><STRONG><a name="[37]"></a>USART_TxData</STRONG> (Thumb, 8 bytes, Stack size 0 bytes, apm32f0xx_usart.o(i.USART_TxData))
<BR><BR>[Called By]<UL><LI><a href="#[36]">&gt;&gt;</a>&nbsp;&nbsp;&nbsp;Send_Char
</UL>

<P><STRONG><a name="[4a]"></a>__scatterload_copy</STRONG> (Thumb, 14 bytes, Stack size unknown bytes, handlers.o(i.__scatterload_copy), UNUSED)

<P><STRONG><a name="[4b]"></a>__scatterload_null</STRONG> (Thumb, 2 bytes, Stack size unknown bytes, handlers.o(i.__scatterload_null), UNUSED)

<P><STRONG><a name="[4c]"></a>__scatterload_zeroinit</STRONG> (Thumb, 14 bytes, Stack size unknown bytes, handlers.o(i.__scatterload_zeroinit), UNUSED)

<P><STRONG><a name="[21]"></a>main</STRONG> (Thumb, 38 bytes, Stack size 0 bytes, main.o(i.main))
<BR><BR>[Stack]<UL><LI>Max Depth = 132<LI>Call Chain = main &rArr; USART_Init &rArr; USART_Config &rArr; RCM_ReadUSART2CLKFreq &rArr; RCM_ReadPCLKFreq &rArr; RCM_ReadSYSCLKFreq &rArr; __aeabi_uidivmod
</UL>
<BR>[Calls]<UL><LI><a href="#[3d]">&gt;&gt;</a>&nbsp;&nbsp;&nbsp;USART_Init
<LI><a href="#[39]">&gt;&gt;</a>&nbsp;&nbsp;&nbsp;Serial_SendString
<LI><a href="#[2c]">&gt;&gt;</a>&nbsp;&nbsp;&nbsp;FLASH_IAP_Init
<LI><a href="#[2f]">&gt;&gt;</a>&nbsp;&nbsp;&nbsp;Led_Init
<LI><a href="#[41]">&gt;&gt;</a>&nbsp;&nbsp;&nbsp;Jump_to_App
</UL>
<BR>[Address Reference Count : 1]<UL><LI> entry9a.o(.ARM.Collect$$$$0000000B)
</UL><P>
<H3>
Local Symbols
</H3>
<P><STRONG><a name="[3b]"></a>SystemClock48M</STRONG> (Thumb, 210 bytes, Stack size 0 bytes, system_apm32f0xx.o(i.SystemClock48M))
<BR><BR>[Called By]<UL><LI><a href="#[3a]">&gt;&gt;</a>&nbsp;&nbsp;&nbsp;SystemClockConfig
</UL>

<P><STRONG><a name="[3a]"></a>SystemClockConfig</STRONG> (Thumb, 8 bytes, Stack size 8 bytes, system_apm32f0xx.o(i.SystemClockConfig))
<BR><BR>[Stack]<UL><LI>Max Depth = 8<LI>Call Chain = SystemClockConfig
</UL>
<BR>[Calls]<UL><LI><a href="#[3b]">&gt;&gt;</a>&nbsp;&nbsp;&nbsp;SystemClock48M
</UL>
<BR>[Called By]<UL><LI><a href="#[22]">&gt;&gt;</a>&nbsp;&nbsp;&nbsp;SystemInit
</UL>
<P>
<H3>
Undefined Global Symbols
</H3>
<P><STRONG><a name="[27]"></a>__arm_fini_</STRONG> (Unknown, 0 bytes, Stack size 0 bytes, UNDEFINED)
<BR><BR>[Called By]<UL><LI><a href="#[26]">&gt;&gt;</a>&nbsp;&nbsp;&nbsp;__rt_lib_shutdown_fini
</UL>
<HR></body></html>
