<html>
<body>
<pre>
<h1>µVision Build Log</h1>
<h2>Tool Versions:</h2>
IDE-Version: ¦ÌVision V5.36.0.0
Copyright (C) 2021 ARM Ltd and ARM Germany GmbH. All rights reserved.
License Information: 1 geehy, 1, LIC=SDA0P-MJLJU-KP0ZY-I2B9T-39TMI-ICG5K
 
Tool Versions:
Toolchain:       MDK-ARM Plus  Version: 5.36.0.0
Toolchain Path:  D:\Apps\Keil_v5\ARM\ARMCC\Bin
C Compiler:      Armcc.exe V5.06 update 7 (build 960)
Assembler:       Armasm.exe V5.06 update 7 (build 960)
Linker/Locator:  ArmLink.exe V5.06 update 7 (build 960)
Library Manager: ArmAr.exe V5.06 update 7 (build 960)
Hex Converter:   FromElf.exe V5.06 update 7 (build 960)
CPU DLL:         SARMCM3.DLL V5.36.0.0
Dialog DLL:      DARMCM1.DLL V1.19.4.0
Target DLL:      CMSIS_AGDI.dll V1.33.0.0
Dialog DLL:      TARMCM1.DLL V1.14.4.0
 
<h2>Project:</h2>
C:\Users\geehy\Desktop\APM32F091_IAP_Bootloader_V1.0\APM32F091_IAP_Bootloader_V1.0\Examples\IAP\BootLoader\Project\MDK\IAP_BootLoader.uvprojx
Project File Date:  08/26/2022

<h2>Output:</h2>
*** Using Compiler 'V5.06 update 7 (build 960)', folder: 'D:\Apps\Keil_v5\ARM\ARMCC\Bin'
Build target 'APM32F030'
compiling bsp_flash.c...
compiling main.c...
compiling apm32f0xx_int.c...
compiling menu.c...
compiling common.c...
compiling ymodem.c...
linking...
Program Size: Code=1900 RO-data=280 RW-data=48 ZI-data=1024  
".\Out\APM32F030\IAP_BootLoader.axf" - 0 Error(s), 0 Warning(s).

<h2>Software Packages used:</h2>

Package Vendor: Geehy
                https://www.geehy.com/uploads/tool/Geehy.APM32F0xx_DFP.1.0.7.pack
                Geehy.APM32F0xx_DFP.1.0.7
                Geehy Semiconductor APM32F0xx Series Device Support

<h2>Collection of Component include folders:</h2>
  D:\Apps\Keil_v5\Packs\Geehy\APM32F0xx_DFP\1.0.7\Device\Device\Geehy\APM32F0xx\Include

<h2>Collection of Component Files used:</h2>
Build Time Elapsed:  00:00:02
</pre>
</body>
</html>
