Component: ARM Compiler 5.06 update 7 (build 960) Tool: armlink [4d3601]

==============================================================================

Section Cross References

    system_apm32f0xx.o(i.SystemClockConfig) refers to system_apm32f0xx.o(i.SystemClock48M) for SystemClock48M
    system_apm32f0xx.o(i.SystemCoreClockUpdate) refers to system_apm32f0xx.o(.data) for SystemCoreClock
    system_apm32f0xx.o(i.SystemInit) refers to system_apm32f0xx.o(i.SystemClockConfig) for SystemClockConfig
    startup_apm32f030.o(RESET) refers to startup_apm32f030.o(STACK) for __initial_sp
    startup_apm32f030.o(RESET) refers to startup_apm32f030.o(.text) for Reset_Handler
    startup_apm32f030.o(RESET) refers to apm32f0xx_int.o(i.NMI_Handler) for NMI_Handler
    startup_apm32f030.o(RESET) refers to apm32f0xx_int.o(i.HardFault_Handler) for HardFault_Handler
    startup_apm32f030.o(RESET) refers to apm32f0xx_int.o(i.SVC_Handler) for SVC_Handler
    startup_apm32f030.o(RESET) refers to apm32f0xx_int.o(i.PendSV_Handler) for PendSV_Handler
    startup_apm32f030.o(RESET) refers to apm32f0xx_int.o(i.SysTick_Handler) for SysTick_Handler
    startup_apm32f030.o(RESET) refers to apm32f0xx_int.o(i.EINT0_1_IRQHandler) for EINT0_1_IRQHandler
    startup_apm32f030.o(.text) refers to system_apm32f0xx.o(i.SystemInit) for SystemInit
    startup_apm32f030.o(.text) refers to entry.o(.ARM.Collect$$$$00000000) for __main
    apm32f0xx_adc.o(i.ADC_Reset) refers to apm32f0xx_rcm.o(i.RCM_EnableAPB2PeriphReset) for RCM_EnableAPB2PeriphReset
    apm32f0xx_adc.o(i.ADC_Reset) refers to apm32f0xx_rcm.o(i.RCM_DisableAPB2PeriphReset) for RCM_DisableAPB2PeriphReset
    apm32f0xx_can.o(i.CAN_Reset) refers to apm32f0xx_rcm.o(i.RCM_EnableAPB1PeriphReset) for RCM_EnableAPB1PeriphReset
    apm32f0xx_can.o(i.CAN_Reset) refers to apm32f0xx_rcm.o(i.RCM_DisableAPB1PeriphReset) for RCM_DisableAPB1PeriphReset
    apm32f0xx_cec.o(i.CEC_Reset) refers to apm32f0xx_rcm.o(i.RCM_EnableAPB1PeriphClock) for RCM_EnableAPB1PeriphClock
    apm32f0xx_cec.o(i.CEC_Reset) refers to apm32f0xx_rcm.o(i.RCM_DisableAPB1PeriphReset) for RCM_DisableAPB1PeriphReset
    apm32f0xx_crs.o(i.CRS_Reset) refers to apm32f0xx_rcm.o(i.RCM_EnableAPB1PeriphReset) for RCM_EnableAPB1PeriphReset
    apm32f0xx_crs.o(i.CRS_Reset) refers to apm32f0xx_rcm.o(i.RCM_DisableAPB1PeriphReset) for RCM_DisableAPB1PeriphReset
    apm32f0xx_dac.o(i.DAC_Reset) refers to apm32f0xx_rcm.o(i.RCM_EnableAPB1PeriphReset) for RCM_EnableAPB1PeriphReset
    apm32f0xx_dac.o(i.DAC_Reset) refers to apm32f0xx_rcm.o(i.RCM_DisableAPB1PeriphReset) for RCM_DisableAPB1PeriphReset
    apm32f0xx_fmc.o(i.FMC_ConfigOptionByteUser) refers to apm32f0xx_fmc.o(i.FMC_WaitForReady) for FMC_WaitForReady
    apm32f0xx_fmc.o(i.FMC_ConfigReadOutProtection) refers to apm32f0xx_fmc.o(i.FMC_WaitForReady) for FMC_WaitForReady
    apm32f0xx_fmc.o(i.FMC_DisableOptionByteBOOT) refers to apm32f0xx_fmc.o(i.FMC_WaitForReady) for FMC_WaitForReady
    apm32f0xx_fmc.o(i.FMC_DisableOptionByteSRAMParity) refers to apm32f0xx_fmc.o(i.FMC_WaitForReady) for FMC_WaitForReady
    apm32f0xx_fmc.o(i.FMC_DisableOptionByteVDDA) refers to apm32f0xx_fmc.o(i.FMC_WaitForReady) for FMC_WaitForReady
    apm32f0xx_fmc.o(i.FMC_EnableOptionByteBOOT) refers to apm32f0xx_fmc.o(i.FMC_WaitForReady) for FMC_WaitForReady
    apm32f0xx_fmc.o(i.FMC_EnableOptionByteSRAMParity) refers to apm32f0xx_fmc.o(i.FMC_WaitForReady) for FMC_WaitForReady
    apm32f0xx_fmc.o(i.FMC_EnableOptionByteVDDA) refers to apm32f0xx_fmc.o(i.FMC_WaitForReady) for FMC_WaitForReady
    apm32f0xx_fmc.o(i.FMC_EnableWriteProtection) refers to apm32f0xx_fmc.o(i.FMC_WaitForReady) for FMC_WaitForReady
    apm32f0xx_fmc.o(i.FMC_EraseAllPages) refers to apm32f0xx_fmc.o(i.FMC_WaitForReady) for FMC_WaitForReady
    apm32f0xx_fmc.o(i.FMC_EraseOptionByte) refers to apm32f0xx_fmc.o(i.FMC_WaitForReady) for FMC_WaitForReady
    apm32f0xx_fmc.o(i.FMC_ErasePage) refers to apm32f0xx_fmc.o(i.FMC_WaitForReady) for FMC_WaitForReady
    apm32f0xx_fmc.o(i.FMC_ProgramHalfWord) refers to apm32f0xx_fmc.o(i.FMC_WaitForReady) for FMC_WaitForReady
    apm32f0xx_fmc.o(i.FMC_ProgramOptionByteData) refers to apm32f0xx_fmc.o(i.FMC_WaitForReady) for FMC_WaitForReady
    apm32f0xx_fmc.o(i.FMC_ProgramWord) refers to apm32f0xx_fmc.o(i.FMC_WaitForReady) for FMC_WaitForReady
    apm32f0xx_fmc.o(i.FMC_WaitForReady) refers to apm32f0xx_fmc.o(i.FMC_ReadState) for FMC_ReadState
    apm32f0xx_fmc.o(i.FMC_WriteOptionByteUser) refers to apm32f0xx_fmc.o(i.FMC_WaitForReady) for FMC_WaitForReady
    apm32f0xx_gpio.o(i.GPIO_Reset) refers to apm32f0xx_rcm.o(i.RCM_EnableAHBPeriphReset) for RCM_EnableAHBPeriphReset
    apm32f0xx_gpio.o(i.GPIO_Reset) refers to apm32f0xx_rcm.o(i.RCM_DisableAHBPeriphReset) for RCM_DisableAHBPeriphReset
    apm32f0xx_i2c.o(i.I2C_Reset) refers to apm32f0xx_rcm.o(i.RCM_EnableAPB1PeriphReset) for RCM_EnableAPB1PeriphReset
[...]
    menu.o(i.Select_Menu) refers to menu.o(i.Download) for Download
    menu.o(i.Select_Menu) refers to menu.o(i.Upload) for Upload
    menu.o(i.Select_Menu) refers to menu.o(.conststring) for .conststring
    menu.o(i.Upload) refers to common.o(i.Serial_SendString) for Serial_SendString
    menu.o(i.Upload) refers to common.o(i.ReadKey) for ReadKey
    menu.o(i.Upload) refers to ymodem.o(i.transmitFile) for transmitFile
    ymodem.o(i.CRC16_Sum) refers to ymodem.o(i.CRC16_Update) for CRC16_Update
    ymodem.o(i.PreFirstPack) refers to common.o(i.IntConStr) for IntConStr
    ymodem.o(i.Receive_Byte) refers to common.o(i.GetKeyPressed) for GetKeyPressed
    ymodem.o(i.Receive_YmodePacket) refers to ymodem.o(i.Receive_Byte) for Receive_Byte
    ymodem.o(i.Receive_YmodePacket) refers to ymodem.o(i.CRC16_Sum) for CRC16_Sum
    ymodem.o(i.Send_2Byte) refers to common.o(i.Send_Char) for Send_Char
    ymodem.o(i.Send_Byte) refers to common.o(i.Send_Char) for Send_Char
    ymodem.o(i.Send_Packet) refers to ymodem.o(i.Send_Byte) for Send_Byte
    ymodem.o(i.recceiveFile) refers to ymodem.o(i.Receive_YmodePacket) for Receive_YmodePacket
    ymodem.o(i.recceiveFile) refers to ymodem.o(i.Send_Byte) for Send_Byte
    ymodem.o(i.recceiveFile) refers to common.o(i.StrConInt) for StrConInt
    ymodem.o(i.recceiveFile) refers to bsp_flash.o(i.FLASH_IAP_Erase) for FLASH_IAP_Erase
    ymodem.o(i.recceiveFile) refers to memcpya.o(.text) for __aeabi_memcpy
    ymodem.o(i.recceiveFile) refers to bsp_flash.o(i.FLASH_IAP_Write) for FLASH_IAP_Write
    ymodem.o(i.recceiveFile) refers to menu.o(.bss) for FileN
    ymodem.o(i.transmitFile) refers to ymodem.o(i.PreFirstPack) for PreFirstPack
    ymodem.o(i.transmitFile) refers to ymodem.o(i.Send_Packet) for Send_Packet
    ymodem.o(i.transmitFile) refers to ymodem.o(i.CRC16_Sum) for CRC16_Sum
    ymodem.o(i.transmitFile) refers to ymodem.o(i.Send_2Byte) for Send_2Byte
    ymodem.o(i.transmitFile) refers to ymodem.o(i.Check_sum) for Check_sum
    ymodem.o(i.transmitFile) refers to ymodem.o(i.Send_Byte) for Send_Byte
    ymodem.o(i.transmitFile) refers to ymodem.o(i.Receive_Byte) for Receive_Byte
    ymodem.o(i.transmitFile) refers to ymodem.o(i.PrePack) for PrePack
    ymodem.o(i.transmitFile) refers to apm32f0xx_usart.o(i.USART_RxData) for USART_RxData
    ymodem.o(i.transmitFile) refers to apm32f0xx_usart.o(i.USART_ClearStatusFlag) for USART_ClearStatusFlag
    bsp_flash.o(i.FLASH_IAP_Erase) refers to apm32f0xx_fmc.o(i.FMC_ErasePage) for FMC_ErasePage
    bsp_flash.o(i.FLASH_IAP_Init) refers to apm32f0xx_fmc.o(i.FMC_Unlock) for FMC_Unlock
    bsp_flash.o(i.FLASH_IAP_Init) refers to apm32f0xx_fmc.o(i.FMC_ClearStatusFlag) for FMC_ClearStatusFlag
    bsp_flash.o(i.FLASH_IAP_Write) refers to apm32f0xx_fmc.o(i.FMC_ProgramWord) for FMC_ProgramWord
    bsp_usart.o(i.USART_Init) refers to apm32f0xx_rcm.o(i.RCM_EnableAHBPeriphClock) for RCM_EnableAHBPeriphClock
    bsp_usart.o(i.USART_Init) refers to apm32f0xx_rcm.o(i.RCM_EnableAPB2PeriphClock) for RCM_EnableAPB2PeriphClock
    bsp_usart.o(i.USART_Init) refers to apm32f0xx_gpio.o(i.GPIO_ConfigPinAF) for GPIO_ConfigPinAF
    bsp_usart.o(i.USART_Init) refers to apm32f0xx_gpio.o(i.GPIO_Config) for GPIO_Config
    bsp_usart.o(i.USART_Init) refers to apm32f0xx_usart.o(i.USART_Config) for USART_Config
    bsp_usart.o(i.USART_Init) refers to apm32f0xx_usart.o(i.USART_Enable) for USART_Enable
    bsp_usart.o(i.fputc) refers to apm32f0xx_usart.o(i.USART_TxData) for USART_TxData
    bsp_usart.o(i.fputc) refers to apm32f0xx_usart.o(i.USART_ReadStatusFlag) for USART_ReadStatusFlag
    entry.o(.ARM.Collect$$$$00000000) refers (Special) to entry10a.o(.ARM.Collect$$$$0000000F) for __rt_final_cpp
    entry.o(.ARM.Collect$$$$00000000) refers (Special) to entry11a.o(.ARM.Collect$$$$00000011) for __rt_final_exit
    entry.o(.ARM.Collect$$$$00000000) refers (Special) to entry12b.o(.ARM.Collect$$$$0000000E) for __rt_lib_shutdown_fini
    entry.o(.ARM.Collect$$$$00000000) refers (Special) to entry7b.o(.ARM.Collect$$$$00000008) for _main_clock
    entry.o(.ARM.Collect$$$$00000000) refers (Special) to entry8b.o(.ARM.Collect$$$$0000000A) for _main_cpp_init
    entry.o(.ARM.Collect$$$$00000000) refers (Special) to entry9a.o(.ARM.Collect$$$$0000000B) for _main_init
    entry.o(.ARM.Collect$$$$00000000) refers (Special) to entry5.o(.ARM.Collect$$$$00000004) for _main_scatterload
    entry.o(.ARM.Collect$$$$00000000) refers (Special) to entry2.o(.ARM.Collect$$$$00000001) for _main_stk
    entry2.o(.ARM.Collect$$$$00000001) refers to entry2.o(.ARM.Collect$$$$00002712) for __lit__00000000
    entry2.o(.ARM.Collect$$$$00002712) refers to startup_apm32f030.o(STACK) for __initial_sp
    entry2.o(__vectab_stack_and_reset_area) refers to startup_apm32f030.o(STACK) for __initial_sp
    entry2.o(__vectab_stack_and_reset_area) refers to entry.o(.ARM.Collect$$$$00000000) for __main
    entry5.o(.ARM.Collect$$$$00000004) refers to init.o(.text) for __scatterload
    entry9a.o(.ARM.Collect$$$$0000000B) refers to main.o(i.main) for main
    entry9b.o(.ARM.Collect$$$$0000000C) refers to main.o(i.main) for main
    init.o(.text) refers to entry5.o(.ARM.Collect$$$$00000004) for __main_after_scatterload


==============================================================================

Removing Unused input sections from the image.

    Removing system_apm32f0xx.o(.rev16_text), (4 bytes).
    Removing system_apm32f0xx.o(.revsh_text), (4 bytes).
    Removing system_apm32f0xx.o(i.SystemCoreClockUpdate), (184 bytes).
    Removing system_apm32f0xx.o(.data), (4 bytes).
    Removing startup_apm32f030.o(HEAP), (512 bytes).
    Removing apm32f0xx_adc.o(.rev16_text), (4 bytes).
    Removing apm32f0xx_adc.o(.revsh_text), (4 bytes).
    Removing apm32f0xx_adc.o(i.ADC_AnalogWatchdogHighThreshold), (32 bytes).
    Removing apm32f0xx_adc.o(i.ADC_AnalogWatchdogLowThreshold), (24 bytes).
    Removing apm32f0xx_adc.o(i.ADC_AnalogWatchdogSingleChannel), (32 bytes).
    Removing apm32f0xx_adc.o(i.ADC_ClearIntFlag), (12 bytes).
    Removing apm32f0xx_adc.o(i.ADC_ClearStatusFlag), (12 bytes).
    Removing apm32f0xx_adc.o(i.ADC_ClockMode), (28 bytes).
    Removing apm32f0xx_adc.o(i.ADC_Config), (148 bytes).
    Removing apm32f0xx_adc.o(i.ADC_ConfigChannel), (24 bytes).
    Removing apm32f0xx_adc.o(i.ADC_ConfigStructInit), (16 bytes).
    Removing apm32f0xx_adc.o(i.ADC_DMARequestMode), (28 bytes).
    Removing apm32f0xx_adc.o(i.ADC_Disable), (20 bytes).
    Removing apm32f0xx_adc.o(i.ADC_DisableAnalogWatchdog), (20 bytes).
    Removing apm32f0xx_adc.o(i.ADC_DisableAnalogWatchdogSingleChannel), (20 bytes).
    Removing apm32f0xx_adc.o(i.ADC_DisableAutoPowerOff), (20 bytes).
    Removing apm32f0xx_adc.o(i.ADC_DisableContinuousMode), (20 bytes).
    Removing apm32f0xx_adc.o(i.ADC_DisableDMA), (20 bytes).
    Removing apm32f0xx_adc.o(i.ADC_DisableDiscMode), (20 bytes).
    Removing apm32f0xx_adc.o(i.ADC_DisableInterrupt), (16 bytes).
    Removing apm32f0xx_adc.o(i.ADC_DisableJitter), (36 bytes).
    Removing apm32f0xx_adc.o(i.ADC_DisableOverrunMode), (20 bytes).
    Removing apm32f0xx_adc.o(i.ADC_DisableTempSensor), (20 bytes).
    Removing apm32f0xx_adc.o(i.ADC_DisableVbat), (20 bytes).
    Removing apm32f0xx_adc.o(i.ADC_DisableVrefint), (20 bytes).
    Removing apm32f0xx_adc.o(i.ADC_DisableWaitMode), (20 bytes).
    Removing apm32f0xx_adc.o(i.ADC_Enable), (20 bytes).
    Removing apm32f0xx_adc.o(i.ADC_EnableAnalogWatchdog), (24 bytes).
    Removing apm32f0xx_adc.o(i.ADC_EnableAnalogWatchdogSingleChannel), (24 bytes).
    Removing apm32f0xx_adc.o(i.ADC_EnableAutoPowerOff), (24 bytes).
    Removing apm32f0xx_adc.o(i.ADC_EnableContinuousMode), (24 bytes).
    Removing apm32f0xx_adc.o(i.ADC_EnableDMA), (20 bytes).
    Removing apm32f0xx_adc.o(i.ADC_EnableDiscMode), (24 bytes).
    Removing apm32f0xx_adc.o(i.ADC_EnableInterrupt), (16 bytes).
    Removing apm32f0xx_adc.o(i.ADC_EnableJitter), (36 bytes).
    Removing apm32f0xx_adc.o(i.ADC_EnableOverrunMode), (24 bytes).
    Removing apm32f0xx_adc.o(i.ADC_EnableTempSensor), (24 bytes).
    Removing apm32f0xx_adc.o(i.ADC_EnableVbat), (24 bytes).
    Removing apm32f0xx_adc.o(i.ADC_EnableVrefint), (24 bytes).
    Removing apm32f0xx_adc.o(i.ADC_EnableWaitMode), (24 bytes).
    Removing apm32f0xx_adc.o(i.ADC_ReadCalibrationFactor), (76 bytes).
    Removing apm32f0xx_adc.o(i.ADC_ReadConversionValue), (12 bytes).
    Removing apm32f0xx_adc.o(i.ADC_ReadIntFlag), (44 bytes).
    Removing apm32f0xx_adc.o(i.ADC_ReadStatusFlag), (48 bytes).
    Removing apm32f0xx_adc.o(i.ADC_Reset), (20 bytes).
    Removing apm32f0xx_adc.o(i.ADC_StartConversion), (20 bytes).
    Removing apm32f0xx_adc.o(i.ADC_StopConversion), (20 bytes).
    Removing apm32f0xx_can.o(.rev16_text), (4 bytes).
    Removing apm32f0xx_can.o(.revsh_text), (4 bytes).
    Removing apm32f0xx_can.o(i.CAN_CancelTx), (76 bytes).
    Removing apm32f0xx_can.o(i.CAN_ClearIntFlag), (340 bytes).
    Removing apm32f0xx_can.o(i.CAN_ClearStatusFlag), (88 bytes).
    Removing apm32f0xx_can.o(i.CAN_Config), (444 bytes).
    Removing apm32f0xx_can.o(i.CAN_ConfigFilter), (252 bytes).
    Removing apm32f0xx_can.o(i.CAN_ConfigStructInit), (32 bytes).
    Removing apm32f0xx_can.o(i.CAN_DisableDebugFreeze), (20 bytes).
    Removing apm32f0xx_can.o(i.CAN_DisableInterrupt), (16 bytes).
    Removing apm32f0xx_can.o(i.CAN_DisableTTComMode), (64 bytes).
    Removing apm32f0xx_can.o(i.CAN_EnableDebugFreeze), (24 bytes).
    Removing apm32f0xx_can.o(i.CAN_EnableInterrupt), (16 bytes).
    Removing apm32f0xx_can.o(i.CAN_EnableTTComMode), (68 bytes).
    Removing apm32f0xx_can.o(i.CAN_OperatingMode), (308 bytes).
    Removing apm32f0xx_can.o(i.CAN_PendingMessage), (32 bytes).
    Removing apm32f0xx_can.o(i.CAN_ReadIntFlag), (336 bytes).
    Removing apm32f0xx_can.o(i.CAN_ReadLSBTxErrorCounter), (16 bytes).
    Removing apm32f0xx_can.o(i.CAN_ReadLastErrorCode), (16 bytes).
    Removing apm32f0xx_can.o(i.CAN_ReadRxErrorCounter), (16 bytes).
    Removing apm32f0xx_can.o(i.CAN_ReadStatusFlag), (160 bytes).
    Removing apm32f0xx_can.o(i.CAN_ReleaseFIFO), (40 bytes).
    Removing apm32f0xx_can.o(i.CAN_Reset), (20 bytes).
    Removing apm32f0xx_can.o(i.CAN_RxMessage), (244 bytes).
    Removing apm32f0xx_can.o(i.CAN_SleepMode), (60 bytes).
    Removing apm32f0xx_can.o(i.CAN_StartBankSlave), (60 bytes).
    Removing apm32f0xx_can.o(i.CAN_TxMessage), (436 bytes).
    Removing apm32f0xx_can.o(i.CAN_TxMessageStatus), (272 bytes).
    Removing apm32f0xx_can.o(i.CAN_WakeUpMode), (60 bytes).
    Removing apm32f0xx_cec.o(.rev16_text), (4 bytes).
    Removing apm32f0xx_cec.o(.revsh_text), (4 bytes).
    Removing apm32f0xx_cec.o(i.CEC_ClearIntFlag), (12 bytes).
    Removing apm32f0xx_cec.o(i.CEC_ClearQwnAddress), (12 bytes).
    Removing apm32f0xx_cec.o(i.CEC_ClearStatusFlag), (12 bytes).
    Removing apm32f0xx_cec.o(i.CEC_CompleteMessage), (20 bytes).
    Removing apm32f0xx_cec.o(i.CEC_Config), (160 bytes).
    Removing apm32f0xx_cec.o(i.CEC_ConfigOwnAddress), (48 bytes).
    Removing apm32f0xx_cec.o(i.CEC_ConfigStructInit), (18 bytes).
    Removing apm32f0xx_cec.o(i.CEC_Disable), (20 bytes).
    Removing apm32f0xx_cec.o(i.CEC_DisableInterrupt), (16 bytes).
    Removing apm32f0xx_cec.o(i.CEC_DisableListenMode), (20 bytes).
    Removing apm32f0xx_cec.o(i.CEC_Enable), (20 bytes).
    Removing apm32f0xx_cec.o(i.CEC_EnableInterrupt), (16 bytes).
    Removing apm32f0xx_cec.o(i.CEC_EnableListenMode), (24 bytes).
    Removing apm32f0xx_cec.o(i.CEC_ReadIntFlag), (40 bytes).
    Removing apm32f0xx_cec.o(i.CEC_ReadStatusFlag), (28 bytes).
    Removing apm32f0xx_cec.o(i.CEC_Reset), (20 bytes).
    Removing apm32f0xx_cec.o(i.CEC_RxData), (12 bytes).
    Removing apm32f0xx_cec.o(i.CEC_StartNewMessage), (20 bytes).
    Removing apm32f0xx_cec.o(i.CEC_TxData), (12 bytes).
    Removing apm32f0xx_comp.o(.rev16_text), (4 bytes).
    Removing apm32f0xx_comp.o(.revsh_text), (4 bytes).
    Removing apm32f0xx_comp.o(i.COMP_Config), (252 bytes).
    Removing apm32f0xx_comp.o(i.COMP_ConfigLOCK), (48 bytes).
    Removing apm32f0xx_comp.o(i.COMP_ConfigStructInit), (14 bytes).
    Removing apm32f0xx_comp.o(i.COMP_Disable), (40 bytes).
    Removing apm32f0xx_comp.o(i.COMP_DisableSwitch), (20 bytes).
    Removing apm32f0xx_comp.o(i.COMP_DisnableWindow), (20 bytes).
    Removing apm32f0xx_comp.o(i.COMP_Enable), (44 bytes).
    Removing apm32f0xx_comp.o(i.COMP_EnableSwitch), (20 bytes).
    Removing apm32f0xx_comp.o(i.COMP_EnableWindow), (24 bytes).
    Removing apm32f0xx_comp.o(i.COMP_ReadOutPutLevel), (56 bytes).
    Removing apm32f0xx_comp.o(i.COMP_Reset), (12 bytes).
    Removing apm32f0xx_crc.o(.rev16_text), (4 bytes).
    Removing apm32f0xx_crc.o(.revsh_text), (4 bytes).
    Removing apm32f0xx_crc.o(i.CRC_CalculateBlockCRC), (36 bytes).
    Removing apm32f0xx_crc.o(i.CRC_CalculateCRC), (16 bytes).
    Removing apm32f0xx_crc.o(i.CRC_CalculateCRC16bits), (16 bytes).
    Removing apm32f0xx_crc.o(i.CRC_CalculateCRC8bits), (16 bytes).
    Removing apm32f0xx_crc.o(i.CRC_DisableReverseOutputData), (20 bytes).
    Removing apm32f0xx_crc.o(i.CRC_EnableReverseOutputData), (20 bytes).
    Removing apm32f0xx_crc.o(i.CRC_ReadCRC), (12 bytes).
    Removing apm32f0xx_crc.o(i.CRC_ReadIDRegister), (12 bytes).
    Removing apm32f0xx_crc.o(i.CRC_Reset), (36 bytes).
    Removing apm32f0xx_crc.o(i.CRC_ResetDATA), (20 bytes).
    Removing apm32f0xx_crc.o(i.CRC_SelectReverseInputData), (28 bytes).
    Removing apm32f0xx_crc.o(i.CRC_SetPolynomialSize), (28 bytes).
    Removing apm32f0xx_crc.o(i.CRC_SetPolynomialValue), (12 bytes).
    Removing apm32f0xx_crc.o(i.CRC_WriteIDRegister), (12 bytes).
    Removing apm32f0xx_crc.o(i.CRC_WriteInitRegister), (12 bytes).
    Removing apm32f0xx_crs.o(.rev16_text), (4 bytes).
    Removing apm32f0xx_crs.o(.revsh_text), (4 bytes).
    Removing apm32f0xx_crs.o(i.CRS_AdjustHSI48CalibrationValue), (32 bytes).
    Removing apm32f0xx_crs.o(i.CRS_ClearIntFlag), (40 bytes).
    Removing apm32f0xx_crs.o(i.CRS_ClearStatusFlag), (40 bytes).
    Removing apm32f0xx_crs.o(i.CRS_ConfigFrequencyErrorLimit), (32 bytes).
    Removing apm32f0xx_crs.o(i.CRS_ConfigSynchronizationPolarity), (28 bytes).
    Removing apm32f0xx_crs.o(i.CRS_ConfigSynchronizationPrescaler), (32 bytes).
    Removing apm32f0xx_crs.o(i.CRS_ConfigSynchronizationSource), (32 bytes).
    Removing apm32f0xx_crs.o(i.CRS_DisableAutomaticCalibration), (20 bytes).
    Removing apm32f0xx_crs.o(i.CRS_DisableFrequencyErrorCounter), (20 bytes).
    Removing apm32f0xx_crs.o(i.CRS_DisableInterrupt), (16 bytes).
    Removing apm32f0xx_crs.o(i.CRS_EnableAutomaticCalibration), (20 bytes).
    Removing apm32f0xx_crs.o(i.CRS_EnableFrequencyErrorCounter), (20 bytes).
    Removing apm32f0xx_crs.o(i.CRS_EnableInterrupt), (16 bytes).
    Removing apm32f0xx_crs.o(i.CRS_FrequencyErrorCounterReloadValue), (24 bytes).
    Removing apm32f0xx_crs.o(i.CRS_GenerateSoftwareSynchronization), (20 bytes).
    Removing apm32f0xx_crs.o(i.CRS_ReadFrequencyErrorDirection), (16 bytes).
    Removing apm32f0xx_crs.o(i.CRS_ReadFrequencyErrorValue), (12 bytes).
    Removing apm32f0xx_crs.o(i.CRS_ReadHSI48CalibrationValue), (16 bytes).
    Removing apm32f0xx_crs.o(i.CRS_ReadIntFlag), (24 bytes).
    Removing apm32f0xx_crs.o(i.CRS_ReadReloadValue), (12 bytes).
    Removing apm32f0xx_crs.o(i.CRS_ReadStatusFlag), (28 bytes).
    Removing apm32f0xx_crs.o(i.CRS_Reset), (20 bytes).
    Removing apm32f0xx_dac.o(.rev16_text), (4 bytes).
    Removing apm32f0xx_dac.o(.revsh_text), (4 bytes).
    Removing apm32f0xx_dac.o(i.DAC_ClearIntFlag), (12 bytes).
    Removing apm32f0xx_dac.o(i.DAC_ClearStatusFlag), (16 bytes).
    Removing apm32f0xx_dac.o(i.DAC_Config), (32 bytes).
    Removing apm32f0xx_dac.o(i.DAC_ConfigChannel1Data), (32 bytes).
    Removing apm32f0xx_dac.o(i.DAC_ConfigChannel2Data), (32 bytes).
    Removing apm32f0xx_dac.o(i.DAC_ConfigDualChannelData), (40 bytes).
    Removing apm32f0xx_dac.o(i.DAC_ConfigStructInit), (12 bytes).
    Removing apm32f0xx_dac.o(i.DAC_Disable), (40 bytes).
    Removing apm32f0xx_dac.o(i.DAC_DisableDMA), (40 bytes).
    Removing apm32f0xx_dac.o(i.DAC_DisableDualSoftwareTrigger), (20 bytes).
    Removing apm32f0xx_dac.o(i.DAC_DisableInterrupt), (40 bytes).
    Removing apm32f0xx_dac.o(i.DAC_DisableSoftwareTrigger), (36 bytes).
    Removing apm32f0xx_dac.o(i.DAC_DisableWaveGeneration), (20 bytes).
    Removing apm32f0xx_dac.o(i.DAC_Enable), (44 bytes).
    Removing apm32f0xx_dac.o(i.DAC_EnableDMA), (44 bytes).
    Removing apm32f0xx_dac.o(i.DAC_EnableDualSoftwareTrigger), (20 bytes).
    Removing apm32f0xx_dac.o(i.DAC_EnableInterrupt), (44 bytes).
    Removing apm32f0xx_dac.o(i.DAC_EnableSoftwareTrigger), (40 bytes).
    Removing apm32f0xx_dac.o(i.DAC_EnableWaveGeneration), (20 bytes).
    Removing apm32f0xx_dac.o(i.DAC_ReadDataOutputValue), (32 bytes).
    Removing apm32f0xx_dac.o(i.DAC_ReadIntFlag), (36 bytes).
    Removing apm32f0xx_dac.o(i.DAC_ReadStatusFlag), (28 bytes).
    Removing apm32f0xx_dac.o(i.DAC_Reset), (20 bytes).
    Removing apm32f0xx_dbg.o(.rev16_text), (4 bytes).
    Removing apm32f0xx_dbg.o(.revsh_text), (4 bytes).
    Removing apm32f0xx_dbg.o(i.DBG_DisableAPB1Periph), (16 bytes).
    Removing apm32f0xx_dbg.o(i.DBG_DisableAPB2Periph), (16 bytes).
    Removing apm32f0xx_dbg.o(i.DBG_DisableDebugMode), (16 bytes).
    Removing apm32f0xx_dbg.o(i.DBG_EnableAPB1Periph), (16 bytes).
    Removing apm32f0xx_dbg.o(i.DBG_EnableAPB2Periph), (16 bytes).
    Removing apm32f0xx_dbg.o(i.DBG_EnableDebugMode), (16 bytes).
    Removing apm32f0xx_dbg.o(i.DBG_ReadDevId), (16 bytes).
    Removing apm32f0xx_dbg.o(i.DBG_ReadRevId), (12 bytes).
    Removing apm32f0xx_dma.o(.rev16_text), (4 bytes).
    Removing apm32f0xx_dma.o(.revsh_text), (4 bytes).
    Removing apm32f0xx_dma.o(i.DMA_ClearIntFlag), (52 bytes).
    Removing apm32f0xx_dma.o(i.DMA_ClearStatusFlag), (52 bytes).
    Removing apm32f0xx_dma.o(i.DMA_Config), (168 bytes).
    Removing apm32f0xx_dma.o(i.DMA_ConfigRemap), (36 bytes).
    Removing apm32f0xx_dma.o(i.DMA_ConfigStructInit), (26 bytes).
    Removing apm32f0xx_dma.o(i.DMA_Disable), (10 bytes).
    Removing apm32f0xx_dma.o(i.DMA_DisableInterrupt), (8 bytes).
    Removing apm32f0xx_dma.o(i.DMA_Enable), (12 bytes).
    Removing apm32f0xx_dma.o(i.DMA_EnableInterrupt), (8 bytes).
    Removing apm32f0xx_dma.o(i.DMA_ReadDataNumber), (6 bytes).
    Removing apm32f0xx_dma.o(i.DMA_ReadIntFlag), (56 bytes).
    Removing apm32f0xx_dma.o(i.DMA_ReadStatusFlag), (56 bytes).
    Removing apm32f0xx_dma.o(i.DMA_Reset), (256 bytes).
    Removing apm32f0xx_dma.o(i.DMA_SetDataNumber), (4 bytes).
    Removing apm32f0xx_eint.o(.rev16_text), (4 bytes).
    Removing apm32f0xx_eint.o(.revsh_text), (4 bytes).
    Removing apm32f0xx_eint.o(i.EINT_ClearIntFlag), (12 bytes).
    Removing apm32f0xx_eint.o(i.EINT_ClearStatusFlag), (12 bytes).
    Removing apm32f0xx_eint.o(i.EINT_Config), (156 bytes).
    Removing apm32f0xx_eint.o(i.EINT_ConfigStructInit), (16 bytes).
    Removing apm32f0xx_eint.o(i.EINT_ReadIntFlag), (40 bytes).
    Removing apm32f0xx_eint.o(i.EINT_ReadStatusFlag), (28 bytes).
    Removing apm32f0xx_eint.o(i.EINT_Reset), (28 bytes).
    Removing apm32f0xx_eint.o(i.EINT_SelectSWInterrupt), (16 bytes).
    Removing apm32f0xx_fmc.o(.rev16_text), (4 bytes).
    Removing apm32f0xx_fmc.o(.revsh_text), (4 bytes).
    Removing apm32f0xx_fmc.o(i.FMC_ConfigOptionByteUser), (108 bytes).
    Removing apm32f0xx_fmc.o(i.FMC_ConfigReadOutProtection), (168 bytes).
    Removing apm32f0xx_fmc.o(i.FMC_DisableInterrupt), (16 bytes).
    Removing apm32f0xx_fmc.o(i.FMC_DisableOptionByteBOOT), (80 bytes).
    Removing apm32f0xx_fmc.o(i.FMC_DisableOptionByteSRAMParity), (80 bytes).
    Removing apm32f0xx_fmc.o(i.FMC_DisableOptionByteVDDA), (80 bytes).
    Removing apm32f0xx_fmc.o(i.FMC_DisablePrefetchBuffer), (20 bytes).
    Removing apm32f0xx_fmc.o(i.FMC_EnableInterrupt), (16 bytes).
    Removing apm32f0xx_fmc.o(i.FMC_EnableOptionByteBOOT), (84 bytes).
    Removing apm32f0xx_fmc.o(i.FMC_EnableOptionByteSRAMParity), (84 bytes).
    Removing apm32f0xx_fmc.o(i.FMC_EnableOptionByteVDDA), (84 bytes).
    Removing apm32f0xx_fmc.o(i.FMC_EnablePrefetchBuffer), (20 bytes).
    Removing apm32f0xx_fmc.o(i.FMC_EnableWriteProtection), (128 bytes).
    Removing apm32f0xx_fmc.o(i.FMC_EraseAllPages), (76 bytes).
    Removing apm32f0xx_fmc.o(i.FMC_EraseOptionByte), (184 bytes).
    Removing apm32f0xx_fmc.o(i.FMC_ErasePage), (80 bytes).
    Removing apm32f0xx_fmc.o(i.FMC_GetReadProtectionStatus), (24 bytes).
    Removing apm32f0xx_fmc.o(i.FMC_LaunchOptionByte), (24 bytes).
    Removing apm32f0xx_fmc.o(i.FMC_Lock), (20 bytes).
    Removing apm32f0xx_fmc.o(i.FMC_LockOptionByte), (20 bytes).
    Removing apm32f0xx_fmc.o(i.FMC_ProgramHalfWord), (68 bytes).
    Removing apm32f0xx_fmc.o(i.FMC_ProgramOptionByteData), (72 bytes).
    Removing apm32f0xx_fmc.o(i.FMC_ProgramWord), (84 bytes).
    Removing apm32f0xx_fmc.o(i.FMC_ReadOptionByteUser), (16 bytes).
    Removing apm32f0xx_fmc.o(i.FMC_ReadOptionByteWriteProtection), (12 bytes).
    Removing apm32f0xx_fmc.o(i.FMC_ReadPrefetchBufferStatus), (24 bytes).
    Removing apm32f0xx_fmc.o(i.FMC_ReadState), (44 bytes).
    Removing apm32f0xx_fmc.o(i.FMC_ReadStatusFlag), (40 bytes).
    Removing apm32f0xx_fmc.o(i.FMC_SetLatency), (24 bytes).
    Removing apm32f0xx_fmc.o(i.FMC_UnlockOptionByte), (24 bytes).
    Removing apm32f0xx_fmc.o(i.FMC_WaitForReady), (28 bytes).
    Removing apm32f0xx_fmc.o(i.FMC_WriteOptionByteUser), (76 bytes).
    Removing apm32f0xx_gpio.o(.rev16_text), (4 bytes).
    Removing apm32f0xx_gpio.o(.revsh_text), (4 bytes).
    Removing apm32f0xx_gpio.o(i.GPIO_ClearBit), (4 bytes).
    Removing apm32f0xx_gpio.o(i.GPIO_ConfigPinLock), (22 bytes).
    Removing apm32f0xx_gpio.o(i.GPIO_ConfigStructInit), (22 bytes).
    Removing apm32f0xx_gpio.o(i.GPIO_ReadInputBit), (20 bytes).
    Removing apm32f0xx_gpio.o(i.GPIO_ReadInputPort), (8 bytes).
    Removing apm32f0xx_gpio.o(i.GPIO_ReadOutputBit), (20 bytes).
    Removing apm32f0xx_gpio.o(i.GPIO_ReadOutputPort), (8 bytes).
    Removing apm32f0xx_gpio.o(i.GPIO_Reset), (160 bytes).
    Removing apm32f0xx_gpio.o(i.GPIO_SetBit), (4 bytes).
    Removing apm32f0xx_gpio.o(i.GPIO_WriteBitValue), (12 bytes).
    Removing apm32f0xx_gpio.o(i.GPIO_WriteOutputPort), (4 bytes).
    Removing apm32f0xx_i2c.o(.rev16_text), (4 bytes).
    Removing apm32f0xx_i2c.o(.revsh_text), (4 bytes).
    Removing apm32f0xx_i2c.o(i.I2C_ClearIntFlag), (4 bytes).
    Removing apm32f0xx_i2c.o(i.I2C_ClearStatusFlag), (4 bytes).
    Removing apm32f0xx_i2c.o(i.I2C_Config), (156 bytes).
    Removing apm32f0xx_i2c.o(i.I2C_ConfigMasterRequest), (24 bytes).
    Removing apm32f0xx_i2c.o(i.I2C_ConfigNumberOfBytes), (42 bytes).
    Removing apm32f0xx_i2c.o(i.I2C_ConfigStructInit), (22 bytes).
    Removing apm32f0xx_i2c.o(i.I2C_ConfigTimeoutA), (16 bytes).
    Removing apm32f0xx_i2c.o(i.I2C_ConfigTimeoutB), (28 bytes).
    Removing apm32f0xx_i2c.o(i.I2C_Disable), (10 bytes).
    Removing apm32f0xx_i2c.o(i.I2C_Disable10BitAddressHeader), (12 bytes).
    Removing apm32f0xx_i2c.o(i.I2C_Disable10BitAddressingMode), (12 bytes).
    Removing apm32f0xx_i2c.o(i.I2C_DisableAcknowledge), (14 bytes).
    Removing apm32f0xx_i2c.o(i.I2C_DisableAutoEnd), (12 bytes).
    Removing apm32f0xx_i2c.o(i.I2C_DisableBroadcastCall), (12 bytes).
    Removing apm32f0xx_i2c.o(i.I2C_DisableClockTimeout), (12 bytes).
    Removing apm32f0xx_i2c.o(i.I2C_DisableDMA), (28 bytes).
    Removing apm32f0xx_i2c.o(i.I2C_DisableExtendClockTimeout), (10 bytes).
    Removing apm32f0xx_i2c.o(i.I2C_DisableGenerateStart), (12 bytes).
    Removing apm32f0xx_i2c.o(i.I2C_DisableGenerateStop), (12 bytes).
    Removing apm32f0xx_i2c.o(i.I2C_DisableIdleClockTimeout), (12 bytes).
    Removing apm32f0xx_i2c.o(i.I2C_DisableInterrupt), (8 bytes).
    Removing apm32f0xx_i2c.o(i.I2C_DisableOwnAddress2), (12 bytes).
    Removing apm32f0xx_i2c.o(i.I2C_DisablePEC), (12 bytes).
    Removing apm32f0xx_i2c.o(i.I2C_DisablePECRequest), (12 bytes).
    Removing apm32f0xx_i2c.o(i.I2C_DisableReload), (12 bytes).
    Removing apm32f0xx_i2c.o(i.I2C_DisableSMBusAlert), (12 bytes).
    Removing apm32f0xx_i2c.o(i.I2C_DisableSMBusDAEN), (12 bytes).
    Removing apm32f0xx_i2c.o(i.I2C_DisableSMBusHAEN), (12 bytes).
    Removing apm32f0xx_i2c.o(i.I2C_DisableSlaveByteControl), (12 bytes).
    Removing apm32f0xx_i2c.o(i.I2C_DisableStopMode), (12 bytes).
    Removing apm32f0xx_i2c.o(i.I2C_DisableStretchClock), (14 bytes).
    Removing apm32f0xx_i2c.o(i.I2C_Enable), (12 bytes).
    Removing apm32f0xx_i2c.o(i.I2C_Enable10BitAddressHeader), (14 bytes).
    Removing apm32f0xx_i2c.o(i.I2C_Enable10BitAddressingMode), (14 bytes).
    Removing apm32f0xx_i2c.o(i.I2C_EnableAcknowledge), (12 bytes).
    Removing apm32f0xx_i2c.o(i.I2C_EnableAutoEnd), (14 bytes).
    Removing apm32f0xx_i2c.o(i.I2C_EnableBroadcastCall), (14 bytes).
    Removing apm32f0xx_i2c.o(i.I2C_EnableClockTimeout), (14 bytes).
    Removing apm32f0xx_i2c.o(i.I2C_EnableDMA), (32 bytes).
    Removing apm32f0xx_i2c.o(i.I2C_EnableExtendClockTimeout), (16 bytes).
    Removing apm32f0xx_i2c.o(i.I2C_EnableGenerateStart), (14 bytes).
    Removing apm32f0xx_i2c.o(i.I2C_EnableGenerateStop), (14 bytes).
    Removing apm32f0xx_i2c.o(i.I2C_EnableIdleClockTimeout), (14 bytes).
    Removing apm32f0xx_i2c.o(i.I2C_EnableInterrupt), (8 bytes).
    Removing apm32f0xx_i2c.o(i.I2C_EnableOwnAddress2), (14 bytes).
    Removing apm32f0xx_i2c.o(i.I2C_EnablePEC), (14 bytes).
    Removing apm32f0xx_i2c.o(i.I2C_EnablePECRequest), (14 bytes).
    Removing apm32f0xx_i2c.o(i.I2C_EnableReload), (14 bytes).
    Removing apm32f0xx_i2c.o(i.I2C_EnableSMBusAlert), (14 bytes).
    Removing apm32f0xx_i2c.o(i.I2C_EnableSMBusDAEN), (14 bytes).
    Removing apm32f0xx_i2c.o(i.I2C_EnableSMBusHAEN), (14 bytes).
    Removing apm32f0xx_i2c.o(i.I2C_EnableSlaveByteControl), (14 bytes).
    Removing apm32f0xx_i2c.o(i.I2C_EnableStopMode), (14 bytes).
    Removing apm32f0xx_i2c.o(i.I2C_EnableStretchClock), (12 bytes).
    Removing apm32f0xx_i2c.o(i.I2C_HandlingTransfer), (44 bytes).
    Removing apm32f0xx_i2c.o(i.I2C_OwnAddress2Mask), (40 bytes).
    Removing apm32f0xx_i2c.o(i.I2C_ReadAddressMatched), (10 bytes).
    Removing apm32f0xx_i2c.o(i.I2C_ReadIntFlag), (76 bytes).
    Removing apm32f0xx_i2c.o(i.I2C_ReadPEC), (8 bytes).
    Removing apm32f0xx_i2c.o(i.I2C_ReadRegister), (22 bytes).
    Removing apm32f0xx_i2c.o(i.I2C_ReadStatusFlag), (22 bytes).
    Removing apm32f0xx_i2c.o(i.I2C_ReadTransferDirection), (24 bytes).
    Removing apm32f0xx_i2c.o(i.I2C_Reset), (52 bytes).
    Removing apm32f0xx_i2c.o(i.I2C_RxData), (8 bytes).
    Removing apm32f0xx_i2c.o(i.I2C_SlaveAddress), (30 bytes).
    Removing apm32f0xx_i2c.o(i.I2C_SoftwareReset), (22 bytes).
    Removing apm32f0xx_i2c.o(i.I2C_TxData), (4 bytes).
    Removing apm32f0xx_iwdt.o(.rev16_text), (4 bytes).
    Removing apm32f0xx_iwdt.o(.revsh_text), (4 bytes).
    Removing apm32f0xx_iwdt.o(i.IWDT_ConfigDivider), (12 bytes).
    Removing apm32f0xx_iwdt.o(i.IWDT_ConfigReload), (12 bytes).
    Removing apm32f0xx_iwdt.o(i.IWDT_ConfigWindowValue), (12 bytes).
    Removing apm32f0xx_iwdt.o(i.IWDT_DisableWriteAccess), (12 bytes).
    Removing apm32f0xx_iwdt.o(i.IWDT_Enable), (16 bytes).
    Removing apm32f0xx_iwdt.o(i.IWDT_EnableWriteAccess), (16 bytes).
    Removing apm32f0xx_iwdt.o(i.IWDT_ReadStatusFlag), (28 bytes).
    Removing apm32f0xx_iwdt.o(i.IWDT_Refresh), (16 bytes).
    Removing apm32f0xx_misc.o(.rev16_text), (4 bytes).
    Removing apm32f0xx_misc.o(.revsh_text), (4 bytes).
    Removing apm32f0xx_misc.o(i.NVIC_DisableIRQRequest), (24 bytes).
    Removing apm32f0xx_misc.o(i.NVIC_DisableSystemLowPower), (16 bytes).
    Removing apm32f0xx_misc.o(i.NVIC_EnableIRQRequest), (36 bytes).
    Removing apm32f0xx_misc.o(i.NVIC_EnableSystemLowPower), (16 bytes).
    Removing apm32f0xx_misc.o(i.NVIC_SetPriority), (120 bytes).
    Removing apm32f0xx_misc.o(i.PMU_EnterHaltModeWFE), (24 bytes).
    Removing apm32f0xx_misc.o(i.PMU_EnterHaltModeWFI), (24 bytes).
    Removing apm32f0xx_misc.o(i.PMU_EnterWaitMode), (20 bytes).
    Removing apm32f0xx_misc.o(i.SysTick_ConfigCLKSource), (36 bytes).
    Removing apm32f0xx_ob.o(.rev16_text), (4 bytes).
    Removing apm32f0xx_ob.o(.revsh_text), (4 bytes).
    Removing apm32f0xx_ob.o(i.OB_OptionBytesBoot1), (28 bytes).
    Removing apm32f0xx_ob.o(i.OB_OptionBytesRamParity), (28 bytes).
    Removing apm32f0xx_ob.o(i.OB_OptionBytesStandby), (28 bytes).
    Removing apm32f0xx_ob.o(i.OB_OptionBytesStop), (28 bytes).
    Removing apm32f0xx_ob.o(i.OB_OptionBytesVddaAnalog), (28 bytes).
    Removing apm32f0xx_ob.o(i.OB_OptionBytesWatchdog), (24 bytes).
    Removing apm32f0xx_ob.o(i.OB_ReadProtectionOptionByte), (24 bytes).
    Removing apm32f0xx_pmu.o(.rev16_text), (4 bytes).
    Removing apm32f0xx_pmu.o(.revsh_text), (4 bytes).
    Removing apm32f0xx_pmu.o(i.PMU_ClearStatusFlag), (44 bytes).
    Removing apm32f0xx_pmu.o(i.PMU_ConfigPVDLevel), (28 bytes).
    Removing apm32f0xx_pmu.o(i.PMU_DisableBackupAccess), (20 bytes).
    Removing apm32f0xx_pmu.o(i.PMU_DisablePVD), (20 bytes).
    Removing apm32f0xx_pmu.o(i.PMU_DisableWakeUpPin), (16 bytes).
    Removing apm32f0xx_pmu.o(i.PMU_EnableBackupAccess), (24 bytes).
    Removing apm32f0xx_pmu.o(i.PMU_EnablePVD), (20 bytes).
    Removing apm32f0xx_pmu.o(i.PMU_EnableWakeUpPin), (16 bytes).
    Removing apm32f0xx_pmu.o(i.PMU_EnterSTANDBYMode), (40 bytes).
    Removing apm32f0xx_pmu.o(i.PMU_EnterSTOPMode), (116 bytes).
    Removing apm32f0xx_pmu.o(i.PMU_EnterSleepMode), (32 bytes).
    Removing apm32f0xx_pmu.o(i.PMU_ReadStatusFlag), (24 bytes).
    Removing apm32f0xx_pmu.o(i.PMU_Reset), (20 bytes).
    Removing apm32f0xx_rcm.o(.rev16_text), (4 bytes).
    Removing apm32f0xx_rcm.o(.revsh_text), (4 bytes).
    Removing apm32f0xx_rcm.o(i.RCM_ClearIntFlag), (20 bytes).
    Removing apm32f0xx_rcm.o(i.RCM_ClearStatusFlag), (24 bytes).
    Removing apm32f0xx_rcm.o(i.RCM_ConfigAHB), (28 bytes).
    Removing apm32f0xx_rcm.o(i.RCM_ConfigAPB), (32 bytes).
    Removing apm32f0xx_rcm.o(i.RCM_ConfigCECCLK), (28 bytes).
    Removing apm32f0xx_rcm.o(i.RCM_ConfigCLKDIV), (24 bytes).
    Removing apm32f0xx_rcm.o(i.RCM_ConfigCOC), (32 bytes).
    Removing apm32f0xx_rcm.o(i.RCM_ConfigDriveLSE), (28 bytes).
    Removing apm32f0xx_rcm.o(i.RCM_ConfigHSE), (92 bytes).
    Removing apm32f0xx_rcm.o(i.RCM_ConfigI2CCLK), (28 bytes).
    Removing apm32f0xx_rcm.o(i.RCM_ConfigLSE), (76 bytes).
    Removing apm32f0xx_rcm.o(i.RCM_ConfigPLL), (56 bytes).
    Removing apm32f0xx_rcm.o(i.RCM_ConfigRTCCLK), (32 bytes).
    Removing apm32f0xx_rcm.o(i.RCM_ConfigSYSCLK), (24 bytes).
    Removing apm32f0xx_rcm.o(i.RCM_ConfigUSARTCLK), (88 bytes).
    Removing apm32f0xx_rcm.o(i.RCM_ConfigUSBCLK), (28 bytes).
    Removing apm32f0xx_rcm.o(i.RCM_DisableAHBPeriphClock), (16 bytes).
    Removing apm32f0xx_rcm.o(i.RCM_DisableAHBPeriphReset), (16 bytes).
    Removing apm32f0xx_rcm.o(i.RCM_DisableAPB1PeriphClock), (16 bytes).
    Removing apm32f0xx_rcm.o(i.RCM_DisableAPB1PeriphReset), (16 bytes).
    Removing apm32f0xx_rcm.o(i.RCM_DisableAPB2PeriphClock), (16 bytes).
    Removing apm32f0xx_rcm.o(i.RCM_DisableAPB2PeriphReset), (16 bytes).
    Removing apm32f0xx_rcm.o(i.RCM_DisableBackupReset), (20 bytes).
    Removing apm32f0xx_rcm.o(i.RCM_DisableCCS), (20 bytes).
    Removing apm32f0xx_rcm.o(i.RCM_DisableHSI), (20 bytes).
    Removing apm32f0xx_rcm.o(i.RCM_DisableHSI14), (20 bytes).
    Removing apm32f0xx_rcm.o(i.RCM_DisableHSI14ADC), (20 bytes).
    Removing apm32f0xx_rcm.o(i.RCM_DisableHSI48), (20 bytes).
    Removing apm32f0xx_rcm.o(i.RCM_DisableInterrupt), (20 bytes).
    Removing apm32f0xx_rcm.o(i.RCM_DisableLSI), (20 bytes).
    Removing apm32f0xx_rcm.o(i.RCM_DisablePLL), (20 bytes).
    Removing apm32f0xx_rcm.o(i.RCM_DisableRTCCLK), (20 bytes).
    Removing apm32f0xx_rcm.o(i.RCM_EnableAHBPeriphReset), (16 bytes).
    Removing apm32f0xx_rcm.o(i.RCM_EnableAPB1PeriphClock), (16 bytes).
    Removing apm32f0xx_rcm.o(i.RCM_EnableAPB1PeriphReset), (16 bytes).
    Removing apm32f0xx_rcm.o(i.RCM_EnableAPB2PeriphReset), (16 bytes).
    Removing apm32f0xx_rcm.o(i.RCM_EnableBackupReset), (24 bytes).
    Removing apm32f0xx_rcm.o(i.RCM_EnableCCS), (24 bytes).
    Removing apm32f0xx_rcm.o(i.RCM_EnableHSI), (20 bytes).
    Removing apm32f0xx_rcm.o(i.RCM_EnableHSI14), (20 bytes).
    Removing apm32f0xx_rcm.o(i.RCM_EnableHSI14ADC), (20 bytes).
    Removing apm32f0xx_rcm.o(i.RCM_EnableHSI48), (24 bytes).
    Removing apm32f0xx_rcm.o(i.RCM_EnableInterrupt), (20 bytes).
    Removing apm32f0xx_rcm.o(i.RCM_EnableLSI), (20 bytes).
    Removing apm32f0xx_rcm.o(i.RCM_EnablePLL), (24 bytes).
    Removing apm32f0xx_rcm.o(i.RCM_EnableRTCCLK), (24 bytes).
    Removing apm32f0xx_rcm.o(i.RCM_ReadADCCLKFreq), (56 bytes).
    Removing apm32f0xx_rcm.o(i.RCM_ReadCECCLKFreq), (28 bytes).
    Removing apm32f0xx_rcm.o(i.RCM_ReadHCLKFreq), (60 bytes).
    Removing apm32f0xx_rcm.o(i.RCM_ReadHSI48CalibrationValue), (12 bytes).
    Removing apm32f0xx_rcm.o(i.RCM_ReadI2C1CLKFreq), (40 bytes).
    Removing apm32f0xx_rcm.o(i.RCM_ReadIntFlag), (28 bytes).
    Removing apm32f0xx_rcm.o(i.RCM_ReadSYSCLKSource), (16 bytes).
    Removing apm32f0xx_rcm.o(i.RCM_ReadStatusFlag), (80 bytes).
    Removing apm32f0xx_rcm.o(i.RCM_ReadUSBCLKFreq), (108 bytes).
    Removing apm32f0xx_rcm.o(i.RCM_Reset), (124 bytes).
    Removing apm32f0xx_rcm.o(i.RCM_SetHSI14Trim), (28 bytes).
    Removing apm32f0xx_rcm.o(i.RCM_SetHSITrim), (28 bytes).
    Removing apm32f0xx_rcm.o(i.RCM_WaitHSEReady), (48 bytes).
    Removing apm32f0xx_rtc.o(.rev16_text), (4 bytes).
    Removing apm32f0xx_rtc.o(.revsh_text), (4 bytes).
    Removing apm32f0xx_rtc.o(i.RTC_Bcd2ConByte), (26 bytes).
    Removing apm32f0xx_rtc.o(i.RTC_ByteConBcd2), (28 bytes).
    Removing apm32f0xx_rtc.o(i.RTC_ClearIntFlag), (20 bytes).
    Removing apm32f0xx_rtc.o(i.RTC_ClearStatusFlag), (16 bytes).
    Removing apm32f0xx_rtc.o(i.RTC_Config), (108 bytes).
    Removing apm32f0xx_rtc.o(i.RTC_ConfigAlarm), (192 bytes).
    Removing apm32f0xx_rtc.o(i.RTC_ConfigAlarmStructInit), (28 bytes).
    Removing apm32f0xx_rtc.o(i.RTC_ConfigAlarmSubSecond), (64 bytes).
    Removing apm32f0xx_rtc.o(i.RTC_ConfigCalibOutput), (44 bytes).
    Removing apm32f0xx_rtc.o(i.RTC_ConfigDate), (172 bytes).
    Removing apm32f0xx_rtc.o(i.RTC_ConfigDateStructInit), (14 bytes).
    Removing apm32f0xx_rtc.o(i.RTC_ConfigDayLightSaving), (108 bytes).
    Removing apm32f0xx_rtc.o(i.RTC_ConfigFilter), (32 bytes).
    Removing apm32f0xx_rtc.o(i.RTC_ConfigOutput), (68 bytes).
    Removing apm32f0xx_rtc.o(i.RTC_ConfigOutputType), (32 bytes).
    Removing apm32f0xx_rtc.o(i.RTC_ConfigSamplingFreq), (32 bytes).
    Removing apm32f0xx_rtc.o(i.RTC_ConfigSmoothCalib), (116 bytes).
    Removing apm32f0xx_rtc.o(i.RTC_ConfigStructInit), (14 bytes).
    Removing apm32f0xx_rtc.o(i.RTC_ConfigSynchroShift), (148 bytes).
    Removing apm32f0xx_rtc.o(i.RTC_ConfigTamperTrigger), (116 bytes).
    Removing apm32f0xx_rtc.o(i.RTC_ConfigTime), (196 bytes).
    Removing apm32f0xx_rtc.o(i.RTC_ConfigTimeStructInit), (12 bytes).
    Removing apm32f0xx_rtc.o(i.RTC_ConfigWakeUpClock), (36 bytes).
    Removing apm32f0xx_rtc.o(i.RTC_DisableAlarm), (88 bytes).
    Removing apm32f0xx_rtc.o(i.RTC_DisableBypassShadow), (28 bytes).
    Removing apm32f0xx_rtc.o(i.RTC_DisableCalibOutput), (32 bytes).
    Removing apm32f0xx_rtc.o(i.RTC_DisableInit), (20 bytes).
    Removing apm32f0xx_rtc.o(i.RTC_DisableInterrupt), (52 bytes).
    Removing apm32f0xx_rtc.o(i.RTC_DisablePullUp), (20 bytes).
    Removing apm32f0xx_rtc.o(i.RTC_DisableRefClock), (52 bytes).
    Removing apm32f0xx_rtc.o(i.RTC_DisableTDE), (20 bytes).
    Removing apm32f0xx_rtc.o(i.RTC_DisableTamper), (56 bytes).
    Removing apm32f0xx_rtc.o(i.RTC_DisableTimeStamp), (52 bytes).
    Removing apm32f0xx_rtc.o(i.RTC_DisableWakeUp), (88 bytes).
    Removing apm32f0xx_rtc.o(i.RTC_DisableWriteProtection), (16 bytes).
    Removing apm32f0xx_rtc.o(i.RTC_EnableAlarm), (32 bytes).
    Removing apm32f0xx_rtc.o(i.RTC_EnableBypassShadow), (32 bytes).
    Removing apm32f0xx_rtc.o(i.RTC_EnableCalibOutput), (32 bytes).
    Removing apm32f0xx_rtc.o(i.RTC_EnableInit), (84 bytes).
    Removing apm32f0xx_rtc.o(i.RTC_EnableInterrupt), (52 bytes).
    Removing apm32f0xx_rtc.o(i.RTC_EnablePullUp), (24 bytes).
    Removing apm32f0xx_rtc.o(i.RTC_EnableRefClock), (52 bytes).
    Removing apm32f0xx_rtc.o(i.RTC_EnableTDE), (20 bytes).
    Removing apm32f0xx_rtc.o(i.RTC_EnableTamper), (60 bytes).
    Removing apm32f0xx_rtc.o(i.RTC_EnableTimeStamp), (56 bytes).
    Removing apm32f0xx_rtc.o(i.RTC_EnableWakeUp), (32 bytes).
    Removing apm32f0xx_rtc.o(i.RTC_EnableWriteProtection), (12 bytes).
    Removing apm32f0xx_rtc.o(i.RTC_PinsPrechargeDuration), (32 bytes).
    Removing apm32f0xx_rtc.o(i.RTC_ReadAlarm), (248 bytes).
    Removing apm32f0xx_rtc.o(i.RTC_ReadAlarmSubSecond), (16 bytes).
    Removing apm32f0xx_rtc.o(i.RTC_ReadBackup), (60 bytes).
    Removing apm32f0xx_rtc.o(i.RTC_ReadDate), (96 bytes).
    Removing apm32f0xx_rtc.o(i.RTC_ReadIntFlag), (64 bytes).
    Removing apm32f0xx_rtc.o(i.RTC_ReadStatusFlag), (24 bytes).
    Removing apm32f0xx_rtc.o(i.RTC_ReadStoreOperation), (16 bytes).
    Removing apm32f0xx_rtc.o(i.RTC_ReadSubSecond), (16 bytes).
    Removing apm32f0xx_rtc.o(i.RTC_ReadTime), (92 bytes).
    Removing apm32f0xx_rtc.o(i.RTC_ReadTimeDate), (160 bytes).
    Removing apm32f0xx_rtc.o(i.RTC_ReadTimeStampSubSecond), (12 bytes).
    Removing apm32f0xx_rtc.o(i.RTC_ReadWakeUpValue), (12 bytes).
    Removing apm32f0xx_rtc.o(i.RTC_Reset), (116 bytes).
    Removing apm32f0xx_rtc.o(i.RTC_SetWakeUpValue), (24 bytes).
    Removing apm32f0xx_rtc.o(i.RTC_WaitForSynchro), (104 bytes).
    Removing apm32f0xx_rtc.o(i.RTC_WriteBackup), (56 bytes).
    Removing apm32f0xx_spi.o(.rev16_text), (4 bytes).
    Removing apm32f0xx_spi.o(.revsh_text), (4 bytes).
    Removing apm32f0xx_spi.o(i.I2S_Config), (296 bytes).
    Removing apm32f0xx_spi.o(i.I2S_ConfigStructInit), (20 bytes).
    Removing apm32f0xx_spi.o(i.I2S_Disable), (12 bytes).
    Removing apm32f0xx_spi.o(i.I2S_Enable), (14 bytes).
    Removing apm32f0xx_spi.o(i.SPI_CRCLength), (24 bytes).
    Removing apm32f0xx_spi.o(i.SPI_ClearStatusFlag), (8 bytes).
    Removing apm32f0xx_spi.o(i.SPI_Config), (160 bytes).
    Removing apm32f0xx_spi.o(i.SPI_ConfigDatalength), (24 bytes).
    Removing apm32f0xx_spi.o(i.SPI_ConfigFIFOThreshold), (24 bytes).
    Removing apm32f0xx_spi.o(i.SPI_ConfigStructInit), (32 bytes).
    Removing apm32f0xx_spi.o(i.SPI_Disable), (10 bytes).
    Removing apm32f0xx_spi.o(i.SPI_DisableCRC), (12 bytes).
    Removing apm32f0xx_spi.o(i.SPI_DisableDMARxBuffer), (10 bytes).
    Removing apm32f0xx_spi.o(i.SPI_DisableDMATxBuffer), (10 bytes).
    Removing apm32f0xx_spi.o(i.SPI_DisableFrameFormatMode), (10 bytes).
    Removing apm32f0xx_spi.o(i.SPI_DisableInternalSlave), (12 bytes).
    Removing apm32f0xx_spi.o(i.SPI_DisableInterrupt), (12 bytes).
    Removing apm32f0xx_spi.o(i.SPI_DisableNSSPulse), (10 bytes).
    Removing apm32f0xx_spi.o(i.SPI_DisableOutputDirection), (12 bytes).
    Removing apm32f0xx_spi.o(i.SPI_DisableSSoutput), (10 bytes).
    Removing apm32f0xx_spi.o(i.SPI_Enable), (12 bytes).
    Removing apm32f0xx_spi.o(i.SPI_EnableCRC), (14 bytes).
    Removing apm32f0xx_spi.o(i.SPI_EnableDMARxBuffer), (12 bytes).
    Removing apm32f0xx_spi.o(i.SPI_EnableDMATxBuffer), (12 bytes).
    Removing apm32f0xx_spi.o(i.SPI_EnableFrameFormatMode), (12 bytes).
    Removing apm32f0xx_spi.o(i.SPI_EnableInternalSlave), (14 bytes).
    Removing apm32f0xx_spi.o(i.SPI_EnableInterrupt), (8 bytes).
    Removing apm32f0xx_spi.o(i.SPI_EnableNSSPulse), (12 bytes).
    Removing apm32f0xx_spi.o(i.SPI_EnableOutputDirection), (14 bytes).
    Removing apm32f0xx_spi.o(i.SPI_EnableSSoutput), (12 bytes).
    Removing apm32f0xx_spi.o(i.SPI_I2S_RxData16), (8 bytes).
    Removing apm32f0xx_spi.o(i.SPI_I2S_TxData16), (4 bytes).
    Removing apm32f0xx_spi.o(i.SPI_LastDMATransfer), (20 bytes).
    Removing apm32f0xx_spi.o(i.SPI_ReadCRCPolynomial), (8 bytes).
    Removing apm32f0xx_spi.o(i.SPI_ReadIntFlag), (38 bytes).
    Removing apm32f0xx_spi.o(i.SPI_ReadReceptionFIFOLeve), (10 bytes).
    Removing apm32f0xx_spi.o(i.SPI_ReadRxCRC), (8 bytes).
    Removing apm32f0xx_spi.o(i.SPI_ReadStatusFlag), (20 bytes).
    Removing apm32f0xx_spi.o(i.SPI_ReadTransmissionFIFOLeve), (10 bytes).
    Removing apm32f0xx_spi.o(i.SPI_ReadTxCRC), (8 bytes).
    Removing apm32f0xx_spi.o(i.SPI_Reset), (48 bytes).
    Removing apm32f0xx_spi.o(i.SPI_RxData8), (6 bytes).
    Removing apm32f0xx_spi.o(i.SPI_TxCRC), (14 bytes).
    Removing apm32f0xx_spi.o(i.SPI_TxData8), (4 bytes).
    Removing apm32f0xx_syscfg.o(.rev16_text), (4 bytes).
    Removing apm32f0xx_syscfg.o(.revsh_text), (4 bytes).
    Removing apm32f0xx_syscfg.o(i.SYSCFG_BreakLock), (92 bytes).
    Removing apm32f0xx_syscfg.o(i.SYSCFG_ClearStatusFlag), (16 bytes).
    Removing apm32f0xx_syscfg.o(i.SYSCFG_DisableDMAChannelRemap), (16 bytes).
    Removing apm32f0xx_syscfg.o(i.SYSCFG_DisableI2CFastModePlus), (16 bytes).
    Removing apm32f0xx_syscfg.o(i.SYSCFG_EINTLine), (152 bytes).
    Removing apm32f0xx_syscfg.o(i.SYSCFG_EnableDMAChannelRemap), (16 bytes).
    Removing apm32f0xx_syscfg.o(i.SYSCFG_EnableI2CFastModePlus), (16 bytes).
    Removing apm32f0xx_syscfg.o(i.SYSCFG_MemoryRemapSelect), (24 bytes).
    Removing apm32f0xx_syscfg.o(i.SYSCFG_ReadStatusFlag), (28 bytes).
    Removing apm32f0xx_syscfg.o(i.SYSCFG_Reset), (40 bytes).
    Removing apm32f0xx_syscfg.o(i.SYSCFG_SelectIRDAEnv), (28 bytes).
    Removing apm32f0xx_tmr.o(.rev16_text), (4 bytes).
    Removing apm32f0xx_tmr.o(.revsh_text), (4 bytes).
    Removing apm32f0xx_tmr.o(i.TI1Config), (92 bytes).
    Removing apm32f0xx_tmr.o(i.TI2Config), (108 bytes).
    Removing apm32f0xx_tmr.o(i.TI3Config), (96 bytes).
    Removing apm32f0xx_tmr.o(i.TI4Config), (112 bytes).
    Removing apm32f0xx_tmr.o(i.TMR_ClearIntFlag), (6 bytes).
    Removing apm32f0xx_tmr.o(i.TMR_ClearOC1Ref), (20 bytes).
    Removing apm32f0xx_tmr.o(i.TMR_ClearOC2Ref), (24 bytes).
    Removing apm32f0xx_tmr.o(i.TMR_ClearOC3Ref), (20 bytes).
    Removing apm32f0xx_tmr.o(i.TMR_ClearOC4Ref), (24 bytes).
    Removing apm32f0xx_tmr.o(i.TMR_ClearStatusFlag), (6 bytes).
    Removing apm32f0xx_tmr.o(i.TMR_ConfigBDT), (42 bytes).
    Removing apm32f0xx_tmr.o(i.TMR_ConfigBDTStructInit), (18 bytes).
    Removing apm32f0xx_tmr.o(i.TMR_ConfigCounterMode), (38 bytes).
    Removing apm32f0xx_tmr.o(i.TMR_ConfigDIV), (20 bytes).
    Removing apm32f0xx_tmr.o(i.TMR_ConfigDMA), (8 bytes).
    Removing apm32f0xx_tmr.o(i.TMR_ConfigEncodeInterface), (82 bytes).
    Removing apm32f0xx_tmr.o(i.TMR_ConfigExternalClockMode1), (52 bytes).
    Removing apm32f0xx_tmr.o(i.TMR_ConfigExternalClockMode2), (36 bytes).
    Removing apm32f0xx_tmr.o(i.TMR_ConfigExternalTrigger), (70 bytes).
    Removing apm32f0xx_tmr.o(i.TMR_ConfigITRxExternalClock), (26 bytes).
    Removing apm32f0xx_tmr.o(i.TMR_ConfigInternalClock), (10 bytes).
    Removing apm32f0xx_tmr.o(i.TMR_ConfigRemap), (16 bytes).
    Removing apm32f0xx_tmr.o(i.TMR_ConfigTIxExternalClock), (60 bytes).
    Removing apm32f0xx_tmr.o(i.TMR_ConfigTimeBase), (152 bytes).
    Removing apm32f0xx_tmr.o(i.TMR_ConfigTimeBaseStruct), (18 bytes).
    Removing apm32f0xx_tmr.o(i.TMR_ConfigUPdateRequest), (26 bytes).
    Removing apm32f0xx_tmr.o(i.TMR_Disable), (10 bytes).
    Removing apm32f0xx_tmr.o(i.TMR_DisableAUTOReload), (10 bytes).
    Removing apm32f0xx_tmr.o(i.TMR_DisableCCDMA), (10 bytes).
    Removing apm32f0xx_tmr.o(i.TMR_DisableCCPreload), (10 bytes).
    Removing apm32f0xx_tmr.o(i.TMR_DisableCCxChannel), (12 bytes).
    Removing apm32f0xx_tmr.o(i.TMR_DisableCCxNChannel), (12 bytes).
    Removing apm32f0xx_tmr.o(i.TMR_DisableDMASoure), (8 bytes).
    Removing apm32f0xx_tmr.o(i.TMR_DisableHallSensor), (10 bytes).
    Removing apm32f0xx_tmr.o(i.TMR_DisableInterrupt), (8 bytes).
    Removing apm32f0xx_tmr.o(i.TMR_DisableMasterSlaveMode), (10 bytes).
    Removing apm32f0xx_tmr.o(i.TMR_DisableNGUpdate), (10 bytes).
    Removing apm32f0xx_tmr.o(i.TMR_DisablePWMOutputs), (12 bytes).
    Removing apm32f0xx_tmr.o(i.TMR_DisableSelectCOM), (10 bytes).
    Removing apm32f0xx_tmr.o(i.TMR_Enable), (12 bytes).
    Removing apm32f0xx_tmr.o(i.TMR_EnableAUTOReload), (12 bytes).
    Removing apm32f0xx_tmr.o(i.TMR_EnableCCDMA), (12 bytes).
    Removing apm32f0xx_tmr.o(i.TMR_EnableCCPreload), (12 bytes).
    Removing apm32f0xx_tmr.o(i.TMR_EnableCCxChannel), (12 bytes).
    Removing apm32f0xx_tmr.o(i.TMR_EnableCCxNChannel), (12 bytes).
    Removing apm32f0xx_tmr.o(i.TMR_EnableDMASoure), (8 bytes).
    Removing apm32f0xx_tmr.o(i.TMR_EnableHallSensor), (12 bytes).
    Removing apm32f0xx_tmr.o(i.TMR_EnableInterrupt), (8 bytes).
    Removing apm32f0xx_tmr.o(i.TMR_EnableMasterSlaveMode), (12 bytes).
    Removing apm32f0xx_tmr.o(i.TMR_EnableNGUpdate), (12 bytes).
    Removing apm32f0xx_tmr.o(i.TMR_EnablePWMOutputs), (14 bytes).
    Removing apm32f0xx_tmr.o(i.TMR_EnableSelectCOM), (12 bytes).
    Removing apm32f0xx_tmr.o(i.TMR_ForcedOC1Config), (20 bytes).
    Removing apm32f0xx_tmr.o(i.TMR_ForcedOC2Config), (24 bytes).
    Removing apm32f0xx_tmr.o(i.TMR_ForcedOC3Config), (20 bytes).
    Removing apm32f0xx_tmr.o(i.TMR_ForcedOC4Config), (24 bytes).
    Removing apm32f0xx_tmr.o(i.TMR_GenerateEvent), (8 bytes).
    Removing apm32f0xx_tmr.o(i.TMR_ICConfig), (118 bytes).
    Removing apm32f0xx_tmr.o(i.TMR_ICConfigStructInit), (18 bytes).
    Removing apm32f0xx_tmr.o(i.TMR_OC1Config), (204 bytes).
    Removing apm32f0xx_tmr.o(i.TMR_OC1FastConfit), (20 bytes).
    Removing apm32f0xx_tmr.o(i.TMR_OC1NPolarityConfig), (20 bytes).
    Removing apm32f0xx_tmr.o(i.TMR_OC1PolarityConfig), (20 bytes).
    Removing apm32f0xx_tmr.o(i.TMR_OC1PreloadConfig), (20 bytes).
    Removing apm32f0xx_tmr.o(i.TMR_OC2Config), (200 bytes).
    Removing apm32f0xx_tmr.o(i.TMR_OC2FastConfit), (24 bytes).
    Removing apm32f0xx_tmr.o(i.TMR_OC2NPolarityConfig), (20 bytes).
    Removing apm32f0xx_tmr.o(i.TMR_OC2PolarityConfig), (20 bytes).
    Removing apm32f0xx_tmr.o(i.TMR_OC2PreloadConfig), (24 bytes).
    Removing apm32f0xx_tmr.o(i.TMR_OC3Config), (200 bytes).
    Removing apm32f0xx_tmr.o(i.TMR_OC3FastConfit), (20 bytes).
    Removing apm32f0xx_tmr.o(i.TMR_OC3NPolarityConfig), (24 bytes).
    Removing apm32f0xx_tmr.o(i.TMR_OC3PolarityConfig), (24 bytes).
    Removing apm32f0xx_tmr.o(i.TMR_OC3PreloadConfig), (20 bytes).
    Removing apm32f0xx_tmr.o(i.TMR_OC4Config), (132 bytes).
    Removing apm32f0xx_tmr.o(i.TMR_OC4FastConfit), (24 bytes).
    Removing apm32f0xx_tmr.o(i.TMR_OC4PolarityConfig), (24 bytes).
    Removing apm32f0xx_tmr.o(i.TMR_OC4PreloadConfig), (24 bytes).
    Removing apm32f0xx_tmr.o(i.TMR_OCConfigStructInit), (20 bytes).
    Removing apm32f0xx_tmr.o(i.TMR_PWMConfig), (124 bytes).
    Removing apm32f0xx_tmr.o(i.TMR_ReadCaputer1), (8 bytes).
    Removing apm32f0xx_tmr.o(i.TMR_ReadCaputer2), (8 bytes).
    Removing apm32f0xx_tmr.o(i.TMR_ReadCaputer3), (8 bytes).
    Removing apm32f0xx_tmr.o(i.TMR_ReadCaputer4), (8 bytes).
    Removing apm32f0xx_tmr.o(i.TMR_ReadCounter), (6 bytes).
    Removing apm32f0xx_tmr.o(i.TMR_ReadDiv), (6 bytes).
    Removing apm32f0xx_tmr.o(i.TMR_ReadIntFlag), (26 bytes).
    Removing apm32f0xx_tmr.o(i.TMR_ReadStatusFlag), (18 bytes).
    Removing apm32f0xx_tmr.o(i.TMR_Reset), (232 bytes).
    Removing apm32f0xx_tmr.o(i.TMR_SelectInputTrigger), (26 bytes).
    Removing apm32f0xx_tmr.o(i.TMR_SelectOCREFClear), (20 bytes).
    Removing apm32f0xx_tmr.o(i.TMR_SelectOCxMode), (108 bytes).
    Removing apm32f0xx_tmr.o(i.TMR_SelectOnePulseMode), (20 bytes).
    Removing apm32f0xx_tmr.o(i.TMR_SelectOutputTrigger), (20 bytes).
    Removing apm32f0xx_tmr.o(i.TMR_SelectSlaveMode), (16 bytes).
    Removing apm32f0xx_tmr.o(i.TMR_SetAutoReload), (4 bytes).
    Removing apm32f0xx_tmr.o(i.TMR_SetClockDivision), (24 bytes).
    Removing apm32f0xx_tmr.o(i.TMR_SetCompare1), (4 bytes).
    Removing apm32f0xx_tmr.o(i.TMR_SetCompare2), (4 bytes).
    Removing apm32f0xx_tmr.o(i.TMR_SetCompare3), (4 bytes).
    Removing apm32f0xx_tmr.o(i.TMR_SetCompare4), (4 bytes).
    Removing apm32f0xx_tmr.o(i.TMR_SetCounter), (4 bytes).
    Removing apm32f0xx_tmr.o(i.TMR_SetIC1Prescal), (26 bytes).
    Removing apm32f0xx_tmr.o(i.TMR_SetIC2Prescal), (30 bytes).
    Removing apm32f0xx_tmr.o(i.TMR_SetIC3Prescal), (26 bytes).
    Removing apm32f0xx_tmr.o(i.TMR_SetIC4Prescal), (30 bytes).
    Removing apm32f0xx_usart.o(.rev16_text), (4 bytes).
    Removing apm32f0xx_usart.o(.revsh_text), (4 bytes).
    Removing apm32f0xx_usart.o(i.USART_Address), (42 bytes).
    Removing apm32f0xx_usart.o(i.USART_ClearIntFlag), (8 bytes).
    Removing apm32f0xx_usart.o(i.USART_ClearStatusFlag), (4 bytes).
    Removing apm32f0xx_usart.o(i.USART_ConfigAddressDetection), (20 bytes).
    Removing apm32f0xx_usart.o(i.USART_ConfigAutoBaudRate), (24 bytes).
    Removing apm32f0xx_usart.o(i.USART_ConfigAutoCount), (24 bytes).
    Removing apm32f0xx_usart.o(i.USART_ConfigBlockSize), (18 bytes).
    Removing apm32f0xx_usart.o(i.USART_ConfigDEPolarity), (24 bytes).
    Removing apm32f0xx_usart.o(i.USART_ConfigDMAReceptionError), (24 bytes).
    Removing apm32f0xx_usart.o(i.USART_ConfigDivider), (24 bytes).
    Removing apm32f0xx_usart.o(i.USART_ConfigGuardTime), (30 bytes).
    Removing apm32f0xx_usart.o(i.USART_ConfigIrDAMode), (20 bytes).
    Removing apm32f0xx_usart.o(i.USART_ConfigLINbreakDetectLength), (20 bytes).
    Removing apm32f0xx_usart.o(i.USART_ConfigMuteModeWakeUp), (24 bytes).
    Removing apm32f0xx_usart.o(i.USART_ConfigOverrunDetection), (24 bytes).
    Removing apm32f0xx_usart.o(i.USART_ConfigStopModeWakeUpSource), (24 bytes).
    Removing apm32f0xx_usart.o(i.USART_ConfigStructInit), (24 bytes).
    Removing apm32f0xx_usart.o(i.USART_ConfigSyncClock), (80 bytes).
    Removing apm32f0xx_usart.o(i.USART_ConfigSyncClockStructInit), (12 bytes).
    Removing apm32f0xx_usart.o(i.USART_DEAssertionTimeValue), (34 bytes).
    Removing apm32f0xx_usart.o(i.USART_DEDeassertionTimeValue), (34 bytes).
    Removing apm32f0xx_usart.o(i.USART_Disable), (10 bytes).
    Removing apm32f0xx_usart.o(i.USART_DisableAutoBaudRate), (12 bytes).
    Removing apm32f0xx_usart.o(i.USART_DisableDE), (12 bytes).
    Removing apm32f0xx_usart.o(i.USART_DisableDMA), (50 bytes).
    Removing apm32f0xx_usart.o(i.USART_DisableDataInv), (12 bytes).
    Removing apm32f0xx_usart.o(i.USART_DisableDirectionMode), (46 bytes).
    Removing apm32f0xx_usart.o(i.USART_DisableHalfDuplex), (10 bytes).
    Removing apm32f0xx_usart.o(i.USART_DisableInterrupt), (74 bytes).
    Removing apm32f0xx_usart.o(i.USART_DisableInvPin), (60 bytes).
    Removing apm32f0xx_usart.o(i.USART_DisableIrDA), (10 bytes).
    Removing apm32f0xx_usart.o(i.USART_DisableLINmode), (12 bytes).
    Removing apm32f0xx_usart.o(i.USART_DisableMSBFirst), (12 bytes).
    Removing apm32f0xx_usart.o(i.USART_DisableMuteMode), (12 bytes).
    Removing apm32f0xx_usart.o(i.USART_DisableOneBitMethod), (12 bytes).
    Removing apm32f0xx_usart.o(i.USART_DisableOverSampling8), (12 bytes).
    Removing apm32f0xx_usart.o(i.USART_DisableReceiverTimeOut), (12 bytes).
    Removing apm32f0xx_usart.o(i.USART_DisableRequest), (60 bytes).
    Removing apm32f0xx_usart.o(i.USART_DisableSWAPPin), (12 bytes).
    Removing apm32f0xx_usart.o(i.USART_DisableSmartCard), (10 bytes).
    Removing apm32f0xx_usart.o(i.USART_DisableSmartCardNACK), (10 bytes).
    Removing apm32f0xx_usart.o(i.USART_DisableStopMode), (10 bytes).
    Removing apm32f0xx_usart.o(i.USART_EnableAutoBaudRate), (14 bytes).
    Removing apm32f0xx_usart.o(i.USART_EnableDE), (14 bytes).
    Removing apm32f0xx_usart.o(i.USART_EnableDMA), (58 bytes).
    Removing apm32f0xx_usart.o(i.USART_EnableDataInv), (14 bytes).
    Removing apm32f0xx_usart.o(i.USART_EnableDirectionMode), (54 bytes).
    Removing apm32f0xx_usart.o(i.USART_EnableHalfDuplex), (12 bytes).
    Removing apm32f0xx_usart.o(i.USART_EnableInterrupt), (74 bytes).
    Removing apm32f0xx_usart.o(i.USART_EnableInvPin), (68 bytes).
    Removing apm32f0xx_usart.o(i.USART_EnableIrDA), (12 bytes).
    Removing apm32f0xx_usart.o(i.USART_EnableLINmode), (14 bytes).
    Removing apm32f0xx_usart.o(i.USART_EnableMSBFirst), (14 bytes).
    Removing apm32f0xx_usart.o(i.USART_EnableMuteMode), (14 bytes).
    Removing apm32f0xx_usart.o(i.USART_EnableOneBitMethod), (14 bytes).
    Removing apm32f0xx_usart.o(i.USART_EnableOverSampling8), (14 bytes).
    Removing apm32f0xx_usart.o(i.USART_EnableReceiverTimeOut), (14 bytes).
    Removing apm32f0xx_usart.o(i.USART_EnableRequest), (70 bytes).
    Removing apm32f0xx_usart.o(i.USART_EnableSWAPPin), (14 bytes).
    Removing apm32f0xx_usart.o(i.USART_EnableSmartCard), (12 bytes).
    Removing apm32f0xx_usart.o(i.USART_EnableSmartCardNACK), (12 bytes).
    Removing apm32f0xx_usart.o(i.USART_EnableStopMode), (12 bytes).
    Removing apm32f0xx_usart.o(i.USART_ReadIntFlag), (232 bytes).
    Removing apm32f0xx_usart.o(i.USART_ReceiverTimeOutValue), (20 bytes).
    Removing apm32f0xx_usart.o(i.USART_Reset), (216 bytes).
    Removing apm32f0xx_usart.o(i.USART_RxData), (10 bytes).
    Removing apm32f0xx_wwdt.o(.rev16_text), (4 bytes).
    Removing apm32f0xx_wwdt.o(.revsh_text), (4 bytes).
    Removing apm32f0xx_wwdt.o(i.WWDT_ClearStatusFlag), (20 bytes).
    Removing apm32f0xx_wwdt.o(i.WWDT_ConfigCounter), (16 bytes).
    Removing apm32f0xx_wwdt.o(i.WWDT_ConfigWindowValue), (32 bytes).
    Removing apm32f0xx_wwdt.o(i.WWDT_Enable), (40 bytes).
    Removing apm32f0xx_wwdt.o(i.WWDT_EnableEWI), (24 bytes).
    Removing apm32f0xx_wwdt.o(i.WWDT_ReadStatusFlag), (12 bytes).
    Removing apm32f0xx_wwdt.o(i.WWDT_Reset), (20 bytes).
    Removing apm32f0xx_wwdt.o(i.WWDT_SetTimebase), (44 bytes).
    Removing board.o(.rev16_text), (4 bytes).
    Removing board.o(.revsh_text), (4 bytes).
    Removing board.o(i.APM_MINI_COMInit), (312 bytes).
    Removing board.o(i.APM_MINI_LEDOff), (24 bytes).
    Removing board.o(i.APM_MINI_LEDToggle), (36 bytes).
    Removing board.o(i.APM_MINI_PBGetState), (32 bytes).
    Removing board.o(i.APM_MINI_PBInit), (136 bytes).
    Removing board.o(i.APM_MINI_PB_Led_Isr), (46 bytes).
    Removing main.o(.rev16_text), (4 bytes).
    Removing main.o(.revsh_text), (4 bytes).
    Removing main.o(i.Delay), (18 bytes).
    Removing apm32f0xx_int.o(.rev16_text), (4 bytes).
    Removing apm32f0xx_int.o(.revsh_text), (4 bytes).
    Removing common.o(.rev16_text), (4 bytes).
    Removing common.o(.revsh_text), (4 bytes).
    Removing common.o(i.GetKeyPressed), (36 bytes).
    Removing common.o(i.IntConStr), (112 bytes).
    Removing common.o(i.ReadKey), (30 bytes).
    Removing common.o(i.ReadKey_TimeOut), (54 bytes).
    Removing common.o(i.StrConInt), (52 bytes).
    Removing common.o(i.Str_Dec_ConInt), (120 bytes).
    Removing common.o(i.Str_Hex_ConInt), (144 bytes).
    Removing menu.o(.rev16_text), (4 bytes).
    Removing menu.o(.revsh_text), (4 bytes).
    Removing menu.o(i.Download), (456 bytes).
    Removing menu.o(i.Select_Menu), (484 bytes).
    Removing menu.o(i.Upload), (272 bytes).
    Removing menu.o(.bss), (1280 bytes).
    Removing menu.o(.conststring), (750 bytes).
    Removing menu.o(.data), (4 bytes).
    Removing ymodem.o(.rev16_text), (4 bytes).
    Removing ymodem.o(.revsh_text), (4 bytes).
    Removing ymodem.o(i.CRC16_Sum), (52 bytes).
    Removing ymodem.o(i.CRC16_Update), (64 bytes).
    Removing ymodem.o(i.Check_sum), (28 bytes).
    Removing ymodem.o(i.PreFirstPack), (114 bytes).
    Removing ymodem.o(i.PrePack), (102 bytes).
    Removing ymodem.o(i.Receive_Byte), (32 bytes).
    Removing ymodem.o(i.Receive_YmodePacket), (252 bytes).
    Removing ymodem.o(i.Send_2Byte), (20 bytes).
    Removing ymodem.o(i.Send_Byte), (14 bytes).
    Removing ymodem.o(i.Send_Packet), (26 bytes).
    Removing ymodem.o(i.recceiveFile), (496 bytes).
    Removing ymodem.o(i.transmitFile), (616 bytes).
    Removing bsp_flash.o(.rev16_text), (4 bytes).
    Removing bsp_flash.o(.revsh_text), (4 bytes).
    Removing bsp_flash.o(i.FLASH_IAP_Erase), (68 bytes).
    Removing bsp_flash.o(i.FLASH_IAP_Write), (96 bytes).
    Removing bsp_usart.o(.rev16_text), (4 bytes).
    Removing bsp_usart.o(.revsh_text), (4 bytes).
    Removing bsp_usart.o(i.fputc), (36 bytes).
    Removing apm32f0xx_rtc.o(i.__ARM_common_switch8), (28 bytes).

802 unused section(s) (total 33400 bytes) removed from the image.

==============================================================================

Image Symbol Table

    Local Symbols

    Symbol Name                              Value     Ov Type        Size  Object(Section)

    ../clib/microlib/division.c              0x00000000   Number         0  uidiv.o ABSOLUTE
    ../clib/microlib/init/entry.s            0x00000000   Number         0  entry12a.o ABSOLUTE
    ../clib/microlib/init/entry.s            0x00000000   Number         0  entry9b.o ABSOLUTE
    ../clib/microlib/init/entry.s            0x00000000   Number         0  entry9a.o ABSOLUTE
    ../clib/microlib/init/entry.s            0x00000000   Number         0  entry.o ABSOLUTE
    ../clib/microlib/init/entry.s            0x00000000   Number         0  entry11b.o ABSOLUTE
    ../clib/microlib/init/entry.s            0x00000000   Number         0  entry8b.o ABSOLUTE
    ../clib/microlib/init/entry.s            0x00000000   Number         0  entry7b.o ABSOLUTE
    ../clib/microlib/init/entry.s            0x00000000   Number         0  entry11a.o ABSOLUTE
    ../clib/microlib/init/entry.s            0x00000000   Number         0  entry10b.o ABSOLUTE
    ../clib/microlib/init/entry.s            0x00000000   Number         0  entry7a.o ABSOLUTE
    ../clib/microlib/init/entry.s            0x00000000   Number         0  entry5.o ABSOLUTE
    ../clib/microlib/init/entry.s            0x00000000   Number         0  entry2.o ABSOLUTE
    ../clib/microlib/init/entry.s            0x00000000   Number         0  entry10a.o ABSOLUTE
    ../clib/microlib/init/entry.s            0x00000000   Number         0  entry8a.o ABSOLUTE
    ../clib/microlib/init/entry.s            0x00000000   Number         0  entry12b.o ABSOLUTE
    ../clib/microlib/string/memcpy.c         0x00000000   Number         0  memcpyb.o ABSOLUTE
    ../clib/microlib/string/memcpy.c         0x00000000   Number         0  memcpya.o ABSOLUTE
    ..\..\..\..\..\Board\Board.c             0x00000000   Number         0  board.o ABSOLUTE
    ..\..\..\..\..\Library\APM32F0xx_StdPeriphDriver\src\apm32f0xx_adc.c 0x00000000   Number         0  apm32f0xx_adc.o ABSOLUTE
    ..\..\..\..\..\Library\APM32F0xx_StdPeriphDriver\src\apm32f0xx_can.c 0x00000000   Number         0  apm32f0xx_can.o ABSOLUTE
    ..\..\..\..\..\Library\APM32F0xx_StdPeriphDriver\src\apm32f0xx_cec.c 0x00000000   Number         0  apm32f0xx_cec.o ABSOLUTE
    ..\..\..\..\..\Library\APM32F0xx_StdPeriphDriver\src\apm32f0xx_comp.c 0x00000000   Number         0  apm32f0xx_comp.o ABSOLUTE
    ..\..\..\..\..\Library\APM32F0xx_StdPeriphDriver\src\apm32f0xx_crc.c 0x00000000   Number         0  apm32f0xx_crc.o ABSOLUTE
    ..\..\..\..\..\Library\APM32F0xx_StdPeriphDriver\src\apm32f0xx_crs.c 0x00000000   Number         0  apm32f0xx_crs.o ABSOLUTE
    ..\..\..\..\..\Library\APM32F0xx_StdPeriphDriver\src\apm32f0xx_dac.c 0x00000000   Number         0  apm32f0xx_dac.o ABSOLUTE
    ..\..\..\..\..\Library\APM32F0xx_StdPeriphDriver\src\apm32f0xx_dbg.c 0x00000000   Number         0  apm32f0xx_dbg.o ABSOLUTE
    ..\..\..\..\..\Library\APM32F0xx_StdPeriphDriver\src\apm32f0xx_dma.c 0x00000000   Number         0  apm32f0xx_dma.o ABSOLUTE
    ..\..\..\..\..\Library\APM32F0xx_StdPeriphDriver\src\apm32f0xx_eint.c 0x00000000   Number         0  apm32f0xx_eint.o ABSOLUTE
    ..\..\..\..\..\Library\APM32F0xx_StdPeriphDriver\src\apm32f0xx_fmc.c 0x00000000   Number         0  apm32f0xx_fmc.o ABSOLUTE
    ..\..\..\..\..\Library\APM32F0xx_StdPeriphDriver\src\apm32f0xx_gpio.c 0x00000000   Number         0  apm32f0xx_gpio.o ABSOLUTE
    ..\..\..\..\..\Library\APM32F0xx_StdPeriphDriver\src\apm32f0xx_i2c.c 0x00000000   Number         0  apm32f0xx_i2c.o ABSOLUTE
    ..\..\..\..\..\Library\APM32F0xx_StdPeriphDriver\src\apm32f0xx_iwdt.c 0x00000000   Number         0  apm32f0xx_iwdt.o ABSOLUTE
    ..\..\..\..\..\Library\APM32F0xx_StdPeriphDriver\src\apm32f0xx_misc.c 0x00000000   Number         0  apm32f0xx_misc.o ABSOLUTE
    ..\..\..\..\..\Library\APM32F0xx_StdPeriphDriver\src\apm32f0xx_ob.c 0x00000000   Number         0  apm32f0xx_ob.o ABSOLUTE
    ..\..\..\..\..\Library\APM32F0xx_StdPeriphDriver\src\apm32f0xx_pmu.c 0x00000000   Number         0  apm32f0xx_pmu.o ABSOLUTE
    ..\..\..\..\..\Library\APM32F0xx_StdPeriphDriver\src\apm32f0xx_rcm.c 0x00000000   Number         0  apm32f0xx_rcm.o ABSOLUTE
    ..\..\..\..\..\Library\APM32F0xx_StdPeriphDriver\src\apm32f0xx_rtc.c 0x00000000   Number         0  apm32f0xx_rtc.o ABSOLUTE
    ..\..\..\..\..\Library\APM32F0xx_StdPeriphDriver\src\apm32f0xx_spi.c 0x00000000   Number         0  apm32f0xx_spi.o ABSOLUTE
    ..\..\..\..\..\Library\APM32F0xx_StdPeriphDriver\src\apm32f0xx_syscfg.c 0x00000000   Number         0  apm32f0xx_syscfg.o ABSOLUTE
    ..\..\..\..\..\Library\APM32F0xx_StdPeriphDriver\src\apm32f0xx_tmr.c 0x00000000   Number         0  apm32f0xx_tmr.o ABSOLUTE
    ..\..\..\..\..\Library\APM32F0xx_StdPeriphDriver\src\apm32f0xx_usart.c 0x00000000   Number         0  apm32f0xx_usart.o ABSOLUTE
    ..\..\..\..\..\Library\APM32F0xx_StdPeriphDriver\src\apm32f0xx_wwdt.c 0x00000000   Number         0  apm32f0xx_wwdt.o ABSOLUTE
    ..\..\..\..\..\Library\Device\Geehy\APM32F0xx\Source\arm\startup_apm32f030.s 0x00000000   Number         0  startup_apm32f030.o ABSOLUTE
    ..\..\..\..\..\Library\Device\Geehy\APM32F0xx\Source\system_apm32f0xx.c 0x00000000   Number         0  system_apm32f0xx.o ABSOLUTE
    ..\..\Source\apm32f0xx_int.c             0x00000000   Number         0  apm32f0xx_int.o ABSOLUTE
    ..\..\Source\bsp_flash.c                 0x00000000   Number         0  bsp_flash.o ABSOLUTE
    ..\..\Source\bsp_usart.c                 0x00000000   Number         0  bsp_usart.o ABSOLUTE
    ..\..\Source\common.c                    0x00000000   Number         0  common.o ABSOLUTE
    ..\..\Source\main.c                      0x00000000   Number         0  main.o ABSOLUTE
    ..\..\Source\menu.c                      0x00000000   Number         0  menu.o ABSOLUTE
    ..\..\Source\ymodem.c                    0x00000000   Number         0  ymodem.o ABSOLUTE
    ..\\..\\..\\..\\..\\Board\\Board.c       0x00000000   Number         0  board.o ABSOLUTE
    ..\\..\\..\\..\\..\\Library\\APM32F0xx_StdPeriphDriver\\src\\apm32f0xx_adc.c 0x00000000   Number         0  apm32f0xx_adc.o ABSOLUTE
    ..\\..\\..\\..\\..\\Library\\APM32F0xx_StdPeriphDriver\\src\\apm32f0xx_can.c 0x00000000   Number         0  apm32f0xx_can.o ABSOLUTE
    ..\\..\\..\\..\\..\\Library\\APM32F0xx_StdPeriphDriver\\src\\apm32f0xx_cec.c 0x00000000   Number         0  apm32f0xx_cec.o ABSOLUTE
    ..\\..\\..\\..\\..\\Library\\APM32F0xx_StdPeriphDriver\\src\\apm32f0xx_comp.c 0x00000000   Number         0  apm32f0xx_comp.o ABSOLUTE
    ..\\..\\..\\..\\..\\Library\\APM32F0xx_StdPeriphDriver\\src\\apm32f0xx_crc.c 0x00000000   Number         0  apm32f0xx_crc.o ABSOLUTE
    ..\\..\\..\\..\\..\\Library\\APM32F0xx_StdPeriphDriver\\src\\apm32f0xx_crs.c 0x00000000   Number         0  apm32f0xx_crs.o ABSOLUTE
    ..\\..\\..\\..\\..\\Library\\APM32F0xx_StdPeriphDriver\\src\\apm32f0xx_dac.c 0x00000000   Number         0  apm32f0xx_dac.o ABSOLUTE
    ..\\..\\..\\..\\..\\Library\\APM32F0xx_StdPeriphDriver\\src\\apm32f0xx_dbg.c 0x00000000   Number         0  apm32f0xx_dbg.o ABSOLUTE
    ..\\..\\..\\..\\..\\Library\\APM32F0xx_StdPeriphDriver\\src\\apm32f0xx_dma.c 0x00000000   Number         0  apm32f0xx_dma.o ABSOLUTE
    ..\\..\\..\\..\\..\\Library\\APM32F0xx_StdPeriphDriver\\src\\apm32f0xx_eint.c 0x00000000   Number         0  apm32f0xx_eint.o ABSOLUTE
    ..\\..\\..\\..\\..\\Library\\APM32F0xx_StdPeriphDriver\\src\\apm32f0xx_fmc.c 0x00000000   Number         0  apm32f0xx_fmc.o ABSOLUTE
    ..\\..\\..\\..\\..\\Library\\APM32F0xx_StdPeriphDriver\\src\\apm32f0xx_gpio.c 0x00000000   Number         0  apm32f0xx_gpio.o ABSOLUTE
    ..\\..\\..\\..\\..\\Library\\APM32F0xx_StdPeriphDriver\\src\\apm32f0xx_i2c.c 0x00000000   Number         0  apm32f0xx_i2c.o ABSOLUTE
    ..\\..\\..\\..\\..\\Library\\APM32F0xx_StdPeriphDriver\\src\\apm32f0xx_iwdt.c 0x00000000   Number         0  apm32f0xx_iwdt.o ABSOLUTE
    ..\\..\\..\\..\\..\\Library\\APM32F0xx_StdPeriphDriver\\src\\apm32f0xx_misc.c 0x00000000   Number         0  apm32f0xx_misc.o ABSOLUTE
    ..\\..\\..\\..\\..\\Library\\APM32F0xx_StdPeriphDriver\\src\\apm32f0xx_ob.c 0x00000000   Number         0  apm32f0xx_ob.o ABSOLUTE
    ..\\..\\..\\..\\..\\Library\\APM32F0xx_StdPeriphDriver\\src\\apm32f0xx_pmu.c 0x00000000   Number         0  apm32f0xx_pmu.o ABSOLUTE
    ..\\..\\..\\..\\..\\Library\\APM32F0xx_StdPeriphDriver\\src\\apm32f0xx_rcm.c 0x00000000   Number         0  apm32f0xx_rcm.o ABSOLUTE
    ..\\..\\..\\..\\..\\Library\\APM32F0xx_StdPeriphDriver\\src\\apm32f0xx_rtc.c 0x00000000   Number         0  apm32f0xx_rtc.o ABSOLUTE
    ..\\..\\..\\..\\..\\Library\\APM32F0xx_StdPeriphDriver\\src\\apm32f0xx_spi.c 0x00000000   Number         0  apm32f0xx_spi.o ABSOLUTE
    ..\\..\\..\\..\\..\\Library\\APM32F0xx_StdPeriphDriver\\src\\apm32f0xx_syscfg.c 0x00000000   Number         0  apm32f0xx_syscfg.o ABSOLUTE
    ..\\..\\..\\..\\..\\Library\\APM32F0xx_StdPeriphDriver\\src\\apm32f0xx_tmr.c 0x00000000   Number         0  apm32f0xx_tmr.o ABSOLUTE
    ..\\..\\..\\..\\..\\Library\\APM32F0xx_StdPeriphDriver\\src\\apm32f0xx_usart.c 0x00000000   Number         0  apm32f0xx_usart.o ABSOLUTE
    ..\\..\\..\\..\\..\\Library\\APM32F0xx_StdPeriphDriver\\src\\apm32f0xx_wwdt.c 0x00000000   Number         0  apm32f0xx_wwdt.o ABSOLUTE
    ..\\..\\..\\..\\..\\Library\\Device\\Geehy\\APM32F0xx\\Source\\system_apm32f0xx.c 0x00000000   Number         0  system_apm32f0xx.o ABSOLUTE
    ..\\..\\Source\\apm32f0xx_int.c          0x00000000   Number         0  apm32f0xx_int.o ABSOLUTE
    ..\\..\\Source\\bsp_flash.c              0x00000000   Number         0  bsp_flash.o ABSOLUTE
    ..\\..\\Source\\bsp_usart.c              0x00000000   Number         0  bsp_usart.o ABSOLUTE
    ..\\..\\Source\\common.c                 0x00000000   Number         0  common.o ABSOLUTE
    ..\\..\\Source\\main.c                   0x00000000   Number         0  main.o ABSOLUTE
    ..\\..\\Source\\menu.c                   0x00000000   Number         0  menu.o ABSOLUTE
    ..\\..\\Source\\ymodem.c                 0x00000000   Number         0  ymodem.o ABSOLUTE
    dc.s                                     0x00000000   Number         0  dc.o ABSOLUTE
    handlers.s                               0x00000000   Number         0  handlers.o ABSOLUTE
    init.s                                   0x00000000   Number         0  init.o ABSOLUTE
    RESET                                    0x08000000   Section      184  startup_apm32f030.o(RESET)
    .ARM.Collect$$$$00000000                 0x080000b8   Section        0  entry.o(.ARM.Collect$$$$00000000)
    .ARM.Collect$$$$00000001                 0x080000b8   Section        4  entry2.o(.ARM.Collect$$$$00000001)
    .ARM.Collect$$$$00000004                 0x080000bc   Section        4  entry5.o(.ARM.Collect$$$$00000004)
    .ARM.Collect$$$$00000008                 0x080000c0   Section        0  entry7b.o(.ARM.Collect$$$$00000008)
    .ARM.Collect$$$$0000000A                 0x080000c0   Section        0  entry8b.o(.ARM.Collect$$$$0000000A)
    .ARM.Collect$$$$0000000B                 0x080000c0   Section        8  entry9a.o(.ARM.Collect$$$$0000000B)
    .ARM.Collect$$$$0000000E                 0x080000c8   Section        4  entry12b.o(.ARM.Collect$$$$0000000E)
    .ARM.Collect$$$$0000000F                 0x080000cc   Section        0  entry10a.o(.ARM.Collect$$$$0000000F)
    .ARM.Collect$$$$00000011                 0x080000cc   Section        0  entry11a.o(.ARM.Collect$$$$00000011)
    .ARM.Collect$$$$00002712                 0x080000cc   Section        4  entry2.o(.ARM.Collect$$$$00002712)
    __lit__00000000                          0x080000cc   Data           4  entry2.o(.ARM.Collect$$$$00002712)
    .text                                    0x080000d0   Section       28  startup_apm32f030.o(.text)
    .text                                    0x080000ec   Section        0  uidiv.o(.text)
    .text                                    0x08000118   Section       36  init.o(.text)
    i.APM_MINI_LEDInit                       0x0800013c   Section        0  board.o(i.APM_MINI_LEDInit)
    i.APM_MINI_LEDOn                         0x0800018c   Section        0  board.o(i.APM_MINI_LEDOn)
    i.EINT0_1_IRQHandler                     0x080001a4   Section        0  apm32f0xx_int.o(i.EINT0_1_IRQHandler)
    i.FLASH_IAP_Init                         0x080001a6   Section        0  bsp_flash.o(i.FLASH_IAP_Init)
    i.FMC_ClearStatusFlag                    0x080001b4   Section        0  apm32f0xx_fmc.o(i.FMC_ClearStatusFlag)
    i.FMC_Unlock                             0x080001c4   Section        0  apm32f0xx_fmc.o(i.FMC_Unlock)
    i.GPIO_Config                            0x080001dc   Section        0  apm32f0xx_gpio.o(i.GPIO_Config)
    i.GPIO_ConfigPinAF                       0x08000266   Section        0  apm32f0xx_gpio.o(i.GPIO_ConfigPinAF)
    i.HardFault_Handler                      0x080002ac   Section        0  apm32f0xx_int.o(i.HardFault_Handler)
    i.Jump_to_App                            0x080002b0   Section        0  main.o(i.Jump_to_App)
    i.Led_Init                               0x080002f8   Section        0  main.o(i.Led_Init)
    i.NMI_Handler                            0x08000314   Section        0  apm32f0xx_int.o(i.NMI_Handler)
    i.PendSV_Handler                         0x08000316   Section        0  apm32f0xx_int.o(i.PendSV_Handler)
    i.RCM_EnableAHBPeriphClock               0x08000318   Section        0  apm32f0xx_rcm.o(i.RCM_EnableAHBPeriphClock)
    i.RCM_EnableAPB2PeriphClock              0x08000328   Section        0  apm32f0xx_rcm.o(i.RCM_EnableAPB2PeriphClock)
    i.RCM_ReadPCLKFreq                       0x08000338   Section        0  apm32f0xx_rcm.o(i.RCM_ReadPCLKFreq)
    i.RCM_ReadSYSCLKFreq                     0x0800036c   Section        0  apm32f0xx_rcm.o(i.RCM_ReadSYSCLKFreq)
    i.RCM_ReadUSART1CLKFreq                  0x08000410   Section        0  apm32f0xx_rcm.o(i.RCM_ReadUSART1CLKFreq)
    i.RCM_ReadUSART2CLKFreq                  0x08000460   Section        0  apm32f0xx_rcm.o(i.RCM_ReadUSART2CLKFreq)
    i.SVC_Handler                            0x080004b0   Section        0  apm32f0xx_int.o(i.SVC_Handler)
    i.Send_Char                              0x080004b4   Section        0  common.o(i.Send_Char)
    i.Serial_SendString                      0x080004d4   Section        0  common.o(i.Serial_SendString)
    i.SysTick_Handler                        0x080004ea   Section        0  apm32f0xx_int.o(i.SysTick_Handler)
    i.SystemClock48M                         0x080004ec   Section        0  system_apm32f0xx.o(i.SystemClock48M)
    SystemClock48M                           0x080004ed   Thumb Code   210  system_apm32f0xx.o(i.SystemClock48M)
    i.SystemClockConfig                      0x080005c8   Section        0  system_apm32f0xx.o(i.SystemClockConfig)
    SystemClockConfig                        0x080005c9   Thumb Code     8  system_apm32f0xx.o(i.SystemClockConfig)
    i.SystemInit                             0x080005d0   Section        0  system_apm32f0xx.o(i.SystemInit)
    i.USART_Config                           0x08000658   Section        0  apm32f0xx_usart.o(i.USART_Config)
    i.USART_Enable                           0x08000708   Section        0  apm32f0xx_usart.o(i.USART_Enable)
    i.USART_Init                             0x08000714   Section        0  bsp_usart.o(i.USART_Init)
    i.USART_ReadStatusFlag                   0x080007a4   Section        0  apm32f0xx_usart.o(i.USART_ReadStatusFlag)
    i.USART_TxData                           0x080007b6   Section        0  apm32f0xx_usart.o(i.USART_TxData)
    i.__scatterload_copy                     0x080007be   Section       14  handlers.o(i.__scatterload_copy)
    i.__scatterload_null                     0x080007cc   Section        2  handlers.o(i.__scatterload_null)
    i.__scatterload_zeroinit                 0x080007ce   Section       14  handlers.o(i.__scatterload_zeroinit)
    i.main                                   0x080007dc   Section        0  main.o(i.main)
    .constdata                               0x08000824   Section       64  board.o(.constdata)
    .data                                    0x20000000   Section       40  board.o(.data)
    .data                                    0x20000028   Section        8  main.o(.data)
    STACK                                    0x20000030   Section     1024  startup_apm32f030.o(STACK)

    Global Symbols

    Symbol Name                              Value     Ov Type        Size  Object(Section)

    BuildAttributes$$THM_ISAv3M$S$PE$A:L22$X:L11$S22$IEEE1$IW$USESV6$~STKCKD$USESV7$~SHL$OSPACE$EBA8$MICROLIB$REQ8$PRES8$EABIv2 0x00000000   Number         0  anon$$obj.o ABSOLUTE
    __ARM_use_no_argv                        0x00000000   Number         0  main.o ABSOLUTE
    __arm_fini_                               - Undefined Weak Reference
    __cpp_initialize__aeabi_                  - Undefined Weak Reference
    __cxa_finalize                            - Undefined Weak Reference
    __decompress                              - Undefined Weak Reference
    _clock_init                               - Undefined Weak Reference
    _microlib_exit                            - Undefined Weak Reference
    __Vectors_Size                           0x000000b8   Number         0  startup_apm32f030.o ABSOLUTE
    __Vectors                                0x08000000   Data           4  startup_apm32f030.o(RESET)
    __Vectors_End                            0x080000b8   Data           0  startup_apm32f030.o(RESET)
    __main                                   0x080000b9   Thumb Code     0  entry.o(.ARM.Collect$$$$00000000)
    _main_stk                                0x080000b9   Thumb Code     0  entry2.o(.ARM.Collect$$$$00000001)
    _main_scatterload                        0x080000bd   Thumb Code     0  entry5.o(.ARM.Collect$$$$00000004)
    __main_after_scatterload                 0x080000c1   Thumb Code     0  entry5.o(.ARM.Collect$$$$00000004)
    _main_clock                              0x080000c1   Thumb Code     0  entry7b.o(.ARM.Collect$$$$00000008)
    _main_cpp_init                           0x080000c1   Thumb Code     0  entry8b.o(.ARM.Collect$$$$0000000A)
    _main_init                               0x080000c1   Thumb Code     0  entry9a.o(.ARM.Collect$$$$0000000B)
    __rt_lib_shutdown_fini                   0x080000c9   Thumb Code     0  entry12b.o(.ARM.Collect$$$$0000000E)
    __rt_final_cpp                           0x080000cd   Thumb Code     0  entry10a.o(.ARM.Collect$$$$0000000F)
    __rt_final_exit                          0x080000cd   Thumb Code     0  entry11a.o(.ARM.Collect$$$$00000011)
    Reset_Handler                            0x080000d1   Thumb Code     8  startup_apm32f030.o(.text)
    ADC1_IRQHandler                          0x080000e3   Thumb Code     0  startup_apm32f030.o(.text)
    DMA1_CH1_IRQHandler                      0x080000e3   Thumb Code     0  startup_apm32f030.o(.text)
    DMA1_CH2_3_IRQHandler                    0x080000e3   Thumb Code     0  startup_apm32f030.o(.text)
    DMA1_CH4_5_IRQHandler                    0x080000e3   Thumb Code     0  startup_apm32f030.o(.text)
    EINT2_3_IRQHandler                       0x080000e3   Thumb Code     0  startup_apm32f030.o(.text)
    EINT4_15_IRQHandler                      0x080000e3   Thumb Code     0  startup_apm32f030.o(.text)
    FLASH_IRQHandler                         0x080000e3   Thumb Code     0  startup_apm32f030.o(.text)
    I2C1_IRQHandler                          0x080000e3   Thumb Code     0  startup_apm32f030.o(.text)
    I2C2_IRQHandler                          0x080000e3   Thumb Code     0  startup_apm32f030.o(.text)
    RCM_IRQHandler                           0x080000e3   Thumb Code     0  startup_apm32f030.o(.text)
    RTC_IRQHandler                           0x080000e3   Thumb Code     0  startup_apm32f030.o(.text)
    SPI1_IRQHandler                          0x080000e3   Thumb Code     0  startup_apm32f030.o(.text)
    SPI2_IRQHandler                          0x080000e3   Thumb Code     0  startup_apm32f030.o(.text)
    TMR14_IRQHandler                         0x080000e3   Thumb Code     0  startup_apm32f030.o(.text)
    TMR15_IRQHandler                         0x080000e3   Thumb Code     0  startup_apm32f030.o(.text)
    TMR16_IRQHandler                         0x080000e3   Thumb Code     0  startup_apm32f030.o(.text)
    TMR17_IRQHandler                         0x080000e3   Thumb Code     0  startup_apm32f030.o(.text)
    TMR1_BRK_UP_TRG_COM_IRQHandler           0x080000e3   Thumb Code     0  startup_apm32f030.o(.text)
    TMR1_CC_IRQHandler                       0x080000e3   Thumb Code     0  startup_apm32f030.o(.text)
    TMR3_IRQHandler                          0x080000e3   Thumb Code     0  startup_apm32f030.o(.text)
    TMR6_IRQHandler                          0x080000e3   Thumb Code     0  startup_apm32f030.o(.text)
    TMR7_IRQHandler                          0x080000e3   Thumb Code     0  startup_apm32f030.o(.text)
    USART1_IRQHandler                        0x080000e3   Thumb Code     0  startup_apm32f030.o(.text)
    USART2_IRQHandler                        0x080000e3   Thumb Code     0  startup_apm32f030.o(.text)
    USART3_6_IRQHandler                      0x080000e3   Thumb Code     0  startup_apm32f030.o(.text)
    WWDT_IRQHandler                          0x080000e3   Thumb Code     0  startup_apm32f030.o(.text)
    __aeabi_uidiv                            0x080000ed   Thumb Code     0  uidiv.o(.text)
    __aeabi_uidivmod                         0x080000ed   Thumb Code    44  uidiv.o(.text)
    __scatterload                            0x08000119   Thumb Code    28  init.o(.text)
    __scatterload_rt2                        0x08000119   Thumb Code     0  init.o(.text)
    APM_MINI_LEDInit                         0x0800013d   Thumb Code    68  board.o(i.APM_MINI_LEDInit)
    APM_MINI_LEDOn                           0x0800018d   Thumb Code    16  board.o(i.APM_MINI_LEDOn)
    EINT0_1_IRQHandler                       0x080001a5   Thumb Code     2  apm32f0xx_int.o(i.EINT0_1_IRQHandler)
    FLASH_IAP_Init                           0x080001a7   Thumb Code    14  bsp_flash.o(i.FLASH_IAP_Init)
    FMC_ClearStatusFlag                      0x080001b5   Thumb Code    12  apm32f0xx_fmc.o(i.FMC_ClearStatusFlag)
    FMC_Unlock                               0x080001c5   Thumb Code    12  apm32f0xx_fmc.o(i.FMC_Unlock)
    GPIO_Config                              0x080001dd   Thumb Code   138  apm32f0xx_gpio.o(i.GPIO_Config)
    GPIO_ConfigPinAF                         0x08000267   Thumb Code    70  apm32f0xx_gpio.o(i.GPIO_ConfigPinAF)
    HardFault_Handler                        0x080002ad   Thumb Code     2  apm32f0xx_int.o(i.HardFault_Handler)
    Jump_to_App                              0x080002b1   Thumb Code    52  main.o(i.Jump_to_App)
    Led_Init                                 0x080002f9   Thumb Code    28  main.o(i.Led_Init)
    NMI_Handler                              0x08000315   Thumb Code     2  apm32f0xx_int.o(i.NMI_Handler)
    PendSV_Handler                           0x08000317   Thumb Code     2  apm32f0xx_int.o(i.PendSV_Handler)
    RCM_EnableAHBPeriphClock                 0x08000319   Thumb Code    12  apm32f0xx_rcm.o(i.RCM_EnableAHBPeriphClock)
    RCM_EnableAPB2PeriphClock                0x08000329   Thumb Code    12  apm32f0xx_rcm.o(i.RCM_EnableAPB2PeriphClock)
    RCM_ReadPCLKFreq                         0x08000339   Thumb Code    38  apm32f0xx_rcm.o(i.RCM_ReadPCLKFreq)
    RCM_ReadSYSCLKFreq                       0x0800036d   Thumb Code   146  apm32f0xx_rcm.o(i.RCM_ReadSYSCLKFreq)
    RCM_ReadUSART1CLKFreq                    0x08000411   Thumb Code    70  apm32f0xx_rcm.o(i.RCM_ReadUSART1CLKFreq)
    RCM_ReadUSART2CLKFreq                    0x08000461   Thumb Code    70  apm32f0xx_rcm.o(i.RCM_ReadUSART2CLKFreq)
    SVC_Handler                              0x080004b1   Thumb Code     2  apm32f0xx_int.o(i.SVC_Handler)
    Send_Char                                0x080004b5   Thumb Code    28  common.o(i.Send_Char)
    Serial_SendString                        0x080004d5   Thumb Code    22  common.o(i.Serial_SendString)
    SysTick_Handler                          0x080004eb   Thumb Code     2  apm32f0xx_int.o(i.SysTick_Handler)
    SystemInit                               0x080005d1   Thumb Code   120  system_apm32f0xx.o(i.SystemInit)
    USART_Config                             0x08000659   Thumb Code   154  apm32f0xx_usart.o(i.USART_Config)
    USART_Enable                             0x08000709   Thumb Code    12  apm32f0xx_usart.o(i.USART_Enable)
    USART_Init                               0x08000715   Thumb Code   140  bsp_usart.o(i.USART_Init)
    USART_ReadStatusFlag                     0x080007a5   Thumb Code    18  apm32f0xx_usart.o(i.USART_ReadStatusFlag)
    USART_TxData                             0x080007b7   Thumb Code     8  apm32f0xx_usart.o(i.USART_TxData)
    __scatterload_copy                       0x080007bf   Thumb Code    14  handlers.o(i.__scatterload_copy)
    __scatterload_null                       0x080007cd   Thumb Code     2  handlers.o(i.__scatterload_null)
    __scatterload_zeroinit                   0x080007cf   Thumb Code    14  handlers.o(i.__scatterload_zeroinit)
    main                                     0x080007dd   Thumb Code    38  main.o(i.main)
    GPIO_PIN                                 0x08000824   Data           4  board.o(.constdata)
    GPIO_CLK                                 0x08000828   Data           8  board.o(.constdata)
    BUTTON_PIN                               0x08000830   Data           4  board.o(.constdata)
    BUTTON_CLK                               0x08000834   Data           8  board.o(.constdata)
    COM_USART_CLK                            0x0800083c   Data           8  board.o(.constdata)
    COM_TX_PORT_CLK                          0x08000844   Data           8  board.o(.constdata)
    COM_RX_PORT_CLK                          0x0800084c   Data           8  board.o(.constdata)
    COM_TX_PIN                               0x08000854   Data           4  board.o(.constdata)
    COM_RX_PIN                               0x08000858   Data           4  board.o(.constdata)
    COM_TX_PIN_SOURCE                        0x0800085c   Data           2  board.o(.constdata)
    COM_RX_PIN_SOURCE                        0x0800085e   Data           2  board.o(.constdata)
    COM_TX_AF                                0x08000860   Data           2  board.o(.constdata)
    COM_RX_AF                                0x08000862   Data           2  board.o(.constdata)
    Region$$Table$$Base                      0x08000864   Number         0  anon$$obj.o(Region$$Table)
    Region$$Table$$Limit                     0x08000884   Number         0  anon$$obj.o(Region$$Table)
    GPIO_PORT                                0x20000000   Data           8  board.o(.data)
    BUTTON_PORT                              0x20000008   Data           8  board.o(.data)
    COM_USART                                0x20000010   Data           8  board.o(.data)
    COM_TX_PORT                              0x20000018   Data           8  board.o(.data)
    COM_RX_PORT                              0x20000020   Data           8  board.o(.data)
    JumpAddress                              0x20000028   Data           4  main.o(.data)
    Jump_To_Application                      0x2000002c   Data           4  main.o(.data)
    __initial_sp                             0x20000430   Data           0  startup_apm32f030.o(STACK)



==============================================================================

Memory Map of the image

  Image Entry point : 0x080000b9

  Load Region LR_IROM1 (Base: 0x08000000, Size: 0x000008b4, Max: 0x00040000, ABSOLUTE)

    Execution Region ER_IROM1 (Exec base: 0x08000000, Load base: 0x08000000, Size: 0x00000884, Max: 0x00040000, ABSOLUTE)

    Exec Addr    Load Addr    Size         Type   Attr      Idx    E Section Name        Object

    0x08000000   0x08000000   0x000000b8   Data   RO           63    RESET               startup_apm32f030.o
    0x080000b8   0x080000b8   0x00000000   Code   RO         5205  * .ARM.Collect$$$$00000000  mc_p.l(entry.o)
    0x080000b8   0x080000b8   0x00000004   Code   RO         5214    .ARM.Collect$$$$00000001  mc_p.l(entry2.o)
    0x080000bc   0x080000bc   0x00000004   Code   RO         5217    .ARM.Collect$$$$00000004  mc_p.l(entry5.o)
    0x080000c0   0x080000c0   0x00000000   Code   RO         5219    .ARM.Collect$$$$00000008  mc_p.l(entry7b.o)
    0x080000c0   0x080000c0   0x00000000   Code   RO         5221    .ARM.Collect$$$$0000000A  mc_p.l(entry8b.o)
    0x080000c0   0x080000c0   0x00000008   Code   RO         5222    .ARM.Collect$$$$0000000B  mc_p.l(entry9a.o)
    0x080000c8   0x080000c8   0x00000004   Code   RO         5229    .ARM.Collect$$$$0000000E  mc_p.l(entry12b.o)
    0x080000cc   0x080000cc   0x00000000   Code   RO         5224    .ARM.Collect$$$$0000000F  mc_p.l(entry10a.o)
    0x080000cc   0x080000cc   0x00000000   Code   RO         5226    .ARM.Collect$$$$00000011  mc_p.l(entry11a.o)
    0x080000cc   0x080000cc   0x00000004   Code   RO         5215    .ARM.Collect$$$$00002712  mc_p.l(entry2.o)
    0x080000d0   0x080000d0   0x0000001c   Code   RO           64    .text               startup_apm32f030.o
    0x080000ec   0x080000ec   0x0000002c   Code   RO         5208    .text               mc_p.l(uidiv.o)
    0x08000118   0x08000118   0x00000024   Code   RO         5230    .text               mc_p.l(init.o)
    0x0800013c   0x0800013c   0x00000050   Code   RO         4747    i.APM_MINI_LEDInit  board.o
    0x0800018c   0x0800018c   0x00000018   Code   RO         4749    i.APM_MINI_LEDOn    board.o
    0x080001a4   0x080001a4   0x00000002   Code   RO         4895    i.EINT0_1_IRQHandler  apm32f0xx_int.o
    0x080001a6   0x080001a6   0x0000000e   Code   RO         5146    i.FLASH_IAP_Init    bsp_flash.o
    0x080001b4   0x080001b4   0x00000010   Code   RO         1399    i.FMC_ClearStatusFlag  apm32f0xx_fmc.o
    0x080001c4   0x080001c4   0x00000018   Code   RO         1429    i.FMC_Unlock        apm32f0xx_fmc.o
    0x080001dc   0x080001dc   0x0000008a   Code   RO         1621    i.GPIO_Config       apm32f0xx_gpio.o
    0x08000266   0x08000266   0x00000046   Code   RO         1622    i.GPIO_ConfigPinAF  apm32f0xx_gpio.o
    0x080002ac   0x080002ac   0x00000002   Code   RO         4896    i.HardFault_Handler  apm32f0xx_int.o
    0x080002ae   0x080002ae   0x00000002   PAD
    0x080002b0   0x080002b0   0x00000048   Code   RO         4826    i.Jump_to_App       main.o
    0x080002f8   0x080002f8   0x0000001c   Code   RO         4827    i.Led_Init          main.o
    0x08000314   0x08000314   0x00000002   Code   RO         4897    i.NMI_Handler       apm32f0xx_int.o
    0x08000316   0x08000316   0x00000002   Code   RO         4898    i.PendSV_Handler    apm32f0xx_int.o
    0x08000318   0x08000318   0x00000010   Code   RO         2458    i.RCM_EnableAHBPeriphClock  apm32f0xx_rcm.o
    0x08000328   0x08000328   0x00000010   Code   RO         2462    i.RCM_EnableAPB2PeriphClock  apm32f0xx_rcm.o
    0x08000338   0x08000338   0x00000034   Code   RO         2480    i.RCM_ReadPCLKFreq  apm32f0xx_rcm.o
    0x0800036c   0x0800036c   0x000000a4   Code   RO         2481    i.RCM_ReadSYSCLKFreq  apm32f0xx_rcm.o
    0x08000410   0x08000410   0x00000050   Code   RO         2484    i.RCM_ReadUSART1CLKFreq  apm32f0xx_rcm.o
    0x08000460   0x08000460   0x00000050   Code   RO         2485    i.RCM_ReadUSART2CLKFreq  apm32f0xx_rcm.o
    0x080004b0   0x080004b0   0x00000002   Code   RO         4899    i.SVC_Handler       apm32f0xx_int.o
    0x080004b2   0x080004b2   0x00000002   PAD
    0x080004b4   0x080004b4   0x00000020   Code   RO         4956    i.Send_Char         common.o
    0x080004d4   0x080004d4   0x00000016   Code   RO         4957    i.Serial_SendString  common.o
    0x080004ea   0x080004ea   0x00000002   Code   RO         4900    i.SysTick_Handler   apm32f0xx_int.o
    0x080004ec   0x080004ec   0x000000dc   Code   RO            3    i.SystemClock48M    system_apm32f0xx.o
    0x080005c8   0x080005c8   0x00000008   Code   RO            4    i.SystemClockConfig  system_apm32f0xx.o
    0x080005d0   0x080005d0   0x00000088   Code   RO            6    i.SystemInit        system_apm32f0xx.o
    0x08000658   0x08000658   0x000000b0   Code   RO         4247    i.USART_Config      apm32f0xx_usart.o
    0x08000708   0x08000708   0x0000000c   Code   RO         4287    i.USART_Enable      apm32f0xx_usart.o
    0x08000714   0x08000714   0x00000090   Code   RO         5177    i.USART_Init        bsp_usart.o
    0x080007a4   0x080007a4   0x00000012   Code   RO         4309    i.USART_ReadStatusFlag  apm32f0xx_usart.o
    0x080007b6   0x080007b6   0x00000008   Code   RO         4313    i.USART_TxData      apm32f0xx_usart.o
    0x080007be   0x080007be   0x0000000e   Code   RO         5234    i.__scatterload_copy  mc_p.l(handlers.o)
    0x080007cc   0x080007cc   0x00000002   Code   RO         5235    i.__scatterload_null  mc_p.l(handlers.o)
    0x080007ce   0x080007ce   0x0000000e   Code   RO         5236    i.__scatterload_zeroinit  mc_p.l(handlers.o)
    0x080007dc   0x080007dc   0x00000048   Code   RO         4828    i.main              main.o
    0x08000824   0x08000824   0x00000040   Data   RO         4754    .constdata          board.o
    0x08000864   0x08000864   0x00000020   Data   RO         5232    Region$$Table       anon$$obj.o


    Execution Region RW_IRAM1 (Exec base: 0x20000000, Load base: 0x08000884, Size: 0x00000430, Max: 0x00008000, ABSOLUTE)

    Exec Addr    Load Addr    Size         Type   Attr      Idx    E Section Name        Object

    0x20000000   0x08000884   0x00000028   Data   RW         4755    .data               board.o
    0x20000028   0x080008ac   0x00000008   Data   RW         4829    .data               main.o
    0x20000030        -       0x00000400   Zero   RW           61    STACK               startup_apm32f030.o


==============================================================================

Image component sizes


      Code (inc. data)   RO Data    RW Data    ZI Data      Debug   Object Name

         0          0          0          0          0       4580   apm32f0xx_adc.o
        40         16          0          0          0       1183   apm32f0xx_fmc.o
       208          0          0          0          0       3977   apm32f0xx_gpio.o
        12          0          0          0          0       2888   apm32f0xx_int.o
       408         60          0          0          0       4131   apm32f0xx_rcm.o
       214         22          0          0          0       7272   apm32f0xx_usart.o
       104         20         64         40          0       5242   board.o
        14          0          0          0          0        505   bsp_flash.o
       144          4          0          0          0        697   bsp_usart.o
        54          4          0          0          0       1584   common.o
       172         54          0          8          0       3882   main.o
        28          8        184          0       1024        764   startup_apm32f030.o
       364         26          0          0          0      65613   system_apm32f0xx.o

    ----------------------------------------------------------------------
      1766        214        280         48       1024     102318   Object Totals
         0          0         32          0          0          0   (incl. Generated)
         4          0          0          0          0          0   (incl. Padding)

    ----------------------------------------------------------------------

      Code (inc. data)   RO Data    RW Data    ZI Data      Debug   Library Member Name

         0          0          0          0          0          0   entry.o
         0          0          0          0          0          0   entry10a.o
         0          0          0          0          0          0   entry11a.o
         4          0          0          0          0          0   entry12b.o
         8          4          0          0          0          0   entry2.o
         4          0          0          0          0          0   entry5.o
         0          0          0          0          0          0   entry7b.o
         0          0          0          0          0          0   entry8b.o
         8          4          0          0          0          0   entry9a.o
        30          0          0          0          0          0   handlers.o
        36          8          0          0          0         68   init.o
        44          0          0          0          0         72   uidiv.o

    ----------------------------------------------------------------------
       134         16          0          0          0        140   Library Totals
         0          0          0          0          0          0   (incl. Padding)

    ----------------------------------------------------------------------

      Code (inc. data)   RO Data    RW Data    ZI Data      Debug   Library Name

       134         16          0          0          0        140   mc_p.l

    ----------------------------------------------------------------------
       134         16          0          0          0        140   Library Totals

    ----------------------------------------------------------------------

==============================================================================


      Code (inc. data)   RO Data    RW Data    ZI Data      Debug   

      1900        230        280         48       1024     101378   Grand Totals
      1900        230        280         48       1024     101378   ELF Image Totals
      1900        230        280         48          0          0   ROM Totals

==============================================================================

    Total RO  Size (Code + RO Data)                 2180 (   2.13kB)
    Total RW  Size (RW Data + ZI Data)              1072 (   1.05kB)
    Total ROM Size (Code + RO Data + RW Data)       2228 (   2.18kB)

==============================================================================

